Analysis & Synthesis report for p1
Thu Apr 27 17:07:42 2017
Quartus Prime Version 16.1.0 Build 196 10/24/2016 SJ Lite Edition


---------------------
; Table of Contents ;
---------------------
  1. Legal Notice
  2. Analysis & Synthesis Summary
  3. Analysis & Synthesis Settings
  4. Parallel Compilation
  5. Analysis & Synthesis Source Files Read
  6. Analysis & Synthesis Resource Usage Summary
  7. Analysis & Synthesis Resource Utilization by Entity
  8. User-Specified and Inferred Latches
  9. General Register Statistics
 10. Multiplexer Restructuring Statistics (Restructuring Performed)
 11. Port Connectivity Checks: "DECODER:DEC2"
 12. Port Connectivity Checks: "DECODER:DEC1"
 13. Post-Synthesis Netlist Statistics for Top Partition
 14. Elapsed Time Per Partition
 15. Analysis & Synthesis Messages
 16. Analysis & Synthesis Suppressed Messages



----------------
; Legal Notice ;
----------------
Copyright (C) 2016  Intel Corporation. All rights reserved.
Your use of Intel Corporation's design tools, logic functions 
and other software and tools, and its AMPP partner logic 
functions, and any output files from any of the foregoing 
(including device programming or simulation files), and any 
associated documentation or information are expressly subject 
to the terms and conditions of the Intel Program License 
Subscription Agreement, the Intel Quartus Prime License Agreement,
the Intel MegaCore Function License Agreement, or other 
applicable license agreement, including, without limitation, 
that your use is for the sole purpose of programming logic 
devices manufactured by Intel and sold by Intel or its 
authorized distributors.  Please refer to the applicable 
agreement for further details.



+----------------------------------------------------------------------------------+
; Analysis & Synthesis Summary                                                     ;
+------------------------------------+---------------------------------------------+
; Analysis & Synthesis Status        ; Successful - Thu Apr 27 17:07:42 2017       ;
; Quartus Prime Version              ; 16.1.0 Build 196 10/24/2016 SJ Lite Edition ;
; Revision Name                      ; p1                                          ;
; Top-level Entity Name              ; CONTROLUNIT                                 ;
; Family                             ; Cyclone IV E                                ;
; Total logic elements               ; 63                                          ;
;     Total combinational functions  ; 63                                          ;
;     Dedicated logic registers      ; 0                                           ;
; Total registers                    ; 0                                           ;
; Total pins                         ; 37                                          ;
; Total virtual pins                 ; 0                                           ;
; Total memory bits                  ; 0                                           ;
; Embedded Multiplier 9-bit elements ; 0                                           ;
; Total PLLs                         ; 0                                           ;
+------------------------------------+---------------------------------------------+


+----------------------------------------------------------------------------------------------------------------------+
; Analysis & Synthesis Settings                                                                                        ;
+----------------------------------------------------------------------------+--------------------+--------------------+
; Option                                                                     ; Setting            ; Default Value      ;
+----------------------------------------------------------------------------+--------------------+--------------------+
; Device                                                                     ; EP4CE115F29C7      ;                    ;
; Top-level entity name                                                      ; CONTROLUNIT        ; p1                 ;
; Family name                                                                ; Cyclone IV E       ; Cyclone V          ;
; Use smart compilation                                                      ; Off                ; Off                ;
; Enable parallel Assembler and TimeQuest Timing Analyzer during compilation ; On                 ; On                 ;
; Enable compact report table                                                ; Off                ; Off                ;
; Restructure Multiplexers                                                   ; Auto               ; Auto               ;
; Create Debugging Nodes for IP Cores                                        ; Off                ; Off                ;
; Preserve fewer node names                                                  ; On                 ; On                 ;
; OpenCore Plus hardware evaluation                                          ; Enable             ; Enable             ;
; Verilog Version                                                            ; Verilog_2001       ; Verilog_2001       ;
; VHDL Version                                                               ; VHDL_1993          ; VHDL_1993          ;
; State Machine Processing                                                   ; Auto               ; Auto               ;
; Safe State Machine                                                         ; Off                ; Off                ;
; Extract Verilog State Machines                                             ; On                 ; On                 ;
; Extract VHDL State Machines                                                ; On                 ; On                 ;
; Ignore Verilog initial constructs                                          ; Off                ; Off                ;
; Iteration limit for constant Verilog loops                                 ; 5000               ; 5000               ;
; Iteration limit for non-constant Verilog loops                             ; 250                ; 250                ;
; Add Pass-Through Logic to Inferred RAMs                                    ; On                 ; On                 ;
; Infer RAMs from Raw Logic                                                  ; On                 ; On                 ;
; Parallel Synthesis                                                         ; On                 ; On                 ;
; DSP Block Balancing                                                        ; Auto               ; Auto               ;
; NOT Gate Push-Back                                                         ; On                 ; On                 ;
; Power-Up Don't Care                                                        ; On                 ; On                 ;
; Remove Redundant Logic Cells                                               ; Off                ; Off                ;
; Remove Duplicate Registers                                                 ; On                 ; On                 ;
; Ignore CARRY Buffers                                                       ; Off                ; Off                ;
; Ignore CASCADE Buffers                                                     ; Off                ; Off                ;
; Ignore GLOBAL Buffers                                                      ; Off                ; Off                ;
; Ignore ROW GLOBAL Buffers                                                  ; Off                ; Off                ;
; Ignore LCELL Buffers                                                       ; Off                ; Off                ;
; Ignore SOFT Buffers                                                        ; On                 ; On                 ;
; Limit AHDL Integers to 32 Bits                                             ; Off                ; Off                ;
; Optimization Technique                                                     ; Balanced           ; Balanced           ;
; Carry Chain Length                                                         ; 70                 ; 70                 ;
; Auto Carry Chains                                                          ; On                 ; On                 ;
; Auto Open-Drain Pins                                                       ; On                 ; On                 ;
; Perform WYSIWYG Primitive Resynthesis                                      ; Off                ; Off                ;
; Auto ROM Replacement                                                       ; On                 ; On                 ;
; Auto RAM Replacement                                                       ; On                 ; On                 ;
; Auto DSP Block Replacement                                                 ; On                 ; On                 ;
; Auto Shift Register Replacement                                            ; Auto               ; Auto               ;
; Allow Shift Register Merging across Hierarchies                            ; Auto               ; Auto               ;
; Auto Clock Enable Replacement                                              ; On                 ; On                 ;
; Strict RAM Replacement                                                     ; Off                ; Off                ;
; Allow Synchronous Control Signals                                          ; On                 ; On                 ;
; Force Use of Synchronous Clear Signals                                     ; Off                ; Off                ;
; Auto RAM Block Balancing                                                   ; On                 ; On                 ;
; Auto RAM to Logic Cell Conversion                                          ; Off                ; Off                ;
; Auto Resource Sharing                                                      ; Off                ; Off                ;
; Allow Any RAM Size For Recognition                                         ; Off                ; Off                ;
; Allow Any ROM Size For Recognition                                         ; Off                ; Off                ;
; Allow Any Shift Register Size For Recognition                              ; Off                ; Off                ;
; Use LogicLock Constraints during Resource Balancing                        ; On                 ; On                 ;
; Ignore translate_off and synthesis_off directives                          ; Off                ; Off                ;
; Timing-Driven Synthesis                                                    ; On                 ; On                 ;
; Report Parameter Settings                                                  ; On                 ; On                 ;
; Report Source Assignments                                                  ; On                 ; On                 ;
; Report Connectivity Checks                                                 ; On                 ; On                 ;
; Ignore Maximum Fan-Out Assignments                                         ; Off                ; Off                ;
; Synchronization Register Chain Length                                      ; 2                  ; 2                  ;
; PowerPlay Power Optimization During Synthesis                              ; Normal compilation ; Normal compilation ;
; HDL message level                                                          ; Level2             ; Level2             ;
; Suppress Register Optimization Related Messages                            ; Off                ; Off                ;
; Number of Removed Registers Reported in Synthesis Report                   ; 5000               ; 5000               ;
; Number of Swept Nodes Reported in Synthesis Report                         ; 5000               ; 5000               ;
; Number of Inverted Registers Reported in Synthesis Report                  ; 100                ; 100                ;
; Clock MUX Protection                                                       ; On                 ; On                 ;
; Auto Gated Clock Conversion                                                ; Off                ; Off                ;
; Block Design Naming                                                        ; Auto               ; Auto               ;
; SDC constraint protection                                                  ; Off                ; Off                ;
; Synthesis Effort                                                           ; Auto               ; Auto               ;
; Shift Register Replacement - Allow Asynchronous Clear Signal               ; On                 ; On                 ;
; Pre-Mapping Resynthesis Optimization                                       ; Off                ; Off                ;
; Analysis & Synthesis Message Level                                         ; Medium             ; Medium             ;
; Disable Register Merging Across Hierarchies                                ; Auto               ; Auto               ;
; Resource Aware Inference For Block RAM                                     ; On                 ; On                 ;
+----------------------------------------------------------------------------+--------------------+--------------------+


+------------------------------------------+
; Parallel Compilation                     ;
+----------------------------+-------------+
; Processors                 ; Number      ;
+----------------------------+-------------+
; Number detected on machine ; 4           ;
; Maximum allowed            ; 2           ;
;                            ;             ;
; Average used               ; 1.00        ;
; Maximum used               ; 2           ;
;                            ;             ;
; Usage by Processor         ; % Time Used ;
;     Processor 1            ; 100.0%      ;
;     Processor 2            ;   0.0%      ;
+----------------------------+-------------+


+----------------------------------------------------------------------------------------------------------------------------------+
; Analysis & Synthesis Source Files Read                                                                                           ;
+----------------------------------+-----------------+------------------------+------------------------------------------+---------+
; File Name with User-Entered Path ; Used in Netlist ; File Type              ; File Name with Absolute Path             ; Library ;
+----------------------------------+-----------------+------------------------+------------------------------------------+---------+
; CONTROLUNIT.v                    ; yes             ; User Verilog HDL File  ; F:/Work/FPGA/Board/Lab9/P1/CONTROLUNIT.v ;         ;
; DECODER.v                        ; yes             ; User Verilog HDL File  ; F:/Work/FPGA/Board/Lab9/P1/DECODER.v     ;         ;
+----------------------------------+-----------------+------------------------+------------------------------------------+---------+


+------------------------------------------------------------+
; Analysis & Synthesis Resource Usage Summary                ;
+---------------------------------------------+--------------+
; Resource                                    ; Usage        ;
+---------------------------------------------+--------------+
; Estimated Total logic elements              ; 63           ;
;                                             ;              ;
; Total combinational functions               ; 63           ;
; Logic element usage by number of LUT inputs ;              ;
;     -- 4 input functions                    ; 32           ;
;     -- 3 input functions                    ; 28           ;
;     -- <=2 input functions                  ; 3            ;
;                                             ;              ;
; Logic elements by mode                      ;              ;
;     -- normal mode                          ; 63           ;
;     -- arithmetic mode                      ; 0            ;
;                                             ;              ;
; Total registers                             ; 0            ;
;     -- Dedicated logic registers            ; 0            ;
;     -- I/O registers                        ; 0            ;
;                                             ;              ;
; I/O pins                                    ; 37           ;
;                                             ;              ;
; Embedded Multiplier 9-bit elements          ; 0            ;
;                                             ;              ;
; Maximum fan-out node                        ; MUXLINE[9]~1 ;
; Maximum fan-out                             ; 19           ;
; Total fan-out                               ; 276          ;
; Average fan-out                             ; 2.01         ;
+---------------------------------------------+--------------+


+----------------------------------------------------------------------------------------------------------------------------------------------------------------------------------------------------------+
; Analysis & Synthesis Resource Utilization by Entity                                                                                                                                                      ;
+----------------------------+---------------------+---------------------------+-------------+--------------+---------+-----------+------+--------------+---------------------+-------------+--------------+
; Compilation Hierarchy Node ; Combinational ALUTs ; Dedicated Logic Registers ; Memory Bits ; DSP Elements ; DSP 9x9 ; DSP 18x18 ; Pins ; Virtual Pins ; Full Hierarchy Name ; Entity Name ; Library Name ;
+----------------------------+---------------------+---------------------------+-------------+--------------+---------+-----------+------+--------------+---------------------+-------------+--------------+
; |CONTROLUNIT               ; 63 (63)             ; 0 (0)                     ; 0           ; 0            ; 0       ; 0         ; 37   ; 0            ; |CONTROLUNIT        ; CONTROLUNIT ; work         ;
+----------------------------+---------------------+---------------------------+-------------+--------------+---------+-----------+------+--------------+---------------------+-------------+--------------+
Note: For table entries with two numbers listed, the numbers in parentheses indicate the number of resources of the given type used by the specific entity alone. The numbers listed outside of parentheses indicate the total resources of the given type used by the specific entity and all of its sub-entities in the hierarchy.


+----------------------------------------------------------------------------------------------------+
; User-Specified and Inferred Latches                                                                ;
+-----------------------------------------------------+---------------------+------------------------+
; Latch Name                                          ; Latch Enable Signal ; Free of Timing Hazards ;
+-----------------------------------------------------+---------------------+------------------------+
; MUXLINE[0]$latch                                    ; MUXLINE[9]          ; yes                    ;
; MUXLINE[1]$latch                                    ; MUXLINE[9]          ; yes                    ;
; MUXLINE[2]$latch                                    ; MUXLINE[9]          ; yes                    ;
; MUXLINE[3]$latch                                    ; MUXLINE[9]          ; yes                    ;
; MUXLINE[4]$latch                                    ; MUXLINE[9]          ; yes                    ;
; MUXLINE[5]$latch                                    ; MUXLINE[9]          ; yes                    ;
; MUXLINE[6]$latch                                    ; MUXLINE[9]          ; yes                    ;
; MUXLINE[7]$latch                                    ; MUXLINE[9]          ; yes                    ;
; MUXLINE[9]$latch                                    ; MUXLINE[9]          ; yes                    ;
; REGSELECTORS[0]$latch                               ; MUXLINE[9]          ; yes                    ;
; REGSELECTORS[1]$latch                               ; MUXLINE[9]          ; yes                    ;
; REGSELECTORS[2]$latch                               ; MUXLINE[9]          ; yes                    ;
; REGSELECTORS[3]$latch                               ; MUXLINE[9]          ; yes                    ;
; REGSELECTORS[4]$latch                               ; MUXLINE[9]          ; yes                    ;
; REGSELECTORS[5]$latch                               ; MUXLINE[9]          ; yes                    ;
; REGSELECTORS[6]$latch                               ; MUXLINE[9]          ; yes                    ;
; REGSELECTORS[7]$latch                               ; MUXLINE[9]          ; yes                    ;
; REGSELECTORS[8]$latch                               ; MUXLINE[9]          ; yes                    ;
; REGSELECTORS[9]$latch                               ; MUXLINE[9]          ; yes                    ;
; ADDSUB$latch                                        ; ADDSUB              ; yes                    ;
; DONE$latch                                          ; DONE                ; yes                    ;
; Number of user-specified and inferred latches = 21  ;                     ;                        ;
+-----------------------------------------------------+---------------------+------------------------+
Note: All latches listed above may not be present at the end of synthesis due to various synthesis optimizations.


+------------------------------------------------------+
; General Register Statistics                          ;
+----------------------------------------------+-------+
; Statistic                                    ; Value ;
+----------------------------------------------+-------+
; Total registers                              ; 0     ;
; Number of registers using Synchronous Clear  ; 0     ;
; Number of registers using Synchronous Load   ; 0     ;
; Number of registers using Asynchronous Clear ; 0     ;
; Number of registers using Asynchronous Load  ; 0     ;
; Number of registers using Clock Enable       ; 0     ;
; Number of registers using Preset             ; 0     ;
+----------------------------------------------+-------+


+------------------------------------------------------------------------------------------------------------------------------------------+
; Multiplexer Restructuring Statistics (Restructuring Performed)                                                                           ;
+--------------------+-----------+---------------+----------------------+------------------------+------------+----------------------------+
; Multiplexer Inputs ; Bus Width ; Baseline Area ; Area if Restructured ; Saving if Restructured ; Registered ; Example Multiplexer Output ;
+--------------------+-----------+---------------+----------------------+------------------------+------------+----------------------------+
; 6:1                ; 8 bits    ; 32 LEs        ; 16 LEs               ; 16 LEs                 ; No         ; |CONTROLUNIT|Mux21         ;
; 6:1                ; 8 bits    ; 32 LEs        ; 8 LEs                ; 24 LEs                 ; No         ; |CONTROLUNIT|Mux4          ;
+--------------------+-----------+---------------+----------------------+------------------------+------------+----------------------------+


+------------------------------------------+
; Port Connectivity Checks: "DECODER:DEC2" ;
+------+-------+----------+----------------+
; Port ; Type  ; Severity ; Details        ;
+------+-------+----------+----------------+
; EN   ; Input ; Info     ; Stuck at VCC   ;
+------+-------+----------+----------------+


+------------------------------------------+
; Port Connectivity Checks: "DECODER:DEC1" ;
+------+-------+----------+----------------+
; Port ; Type  ; Severity ; Details        ;
+------+-------+----------+----------------+
; EN   ; Input ; Info     ; Stuck at VCC   ;
+------+-------+----------+----------------+


+-----------------------------------------------------+
; Post-Synthesis Netlist Statistics for Top Partition ;
+-----------------------+-----------------------------+
; Type                  ; Count                       ;
+-----------------------+-----------------------------+
; boundary_port         ; 37                          ;
; cycloneiii_lcell_comb ; 65                          ;
;     normal            ; 65                          ;
;         0 data inputs ; 2                           ;
;         2 data inputs ; 3                           ;
;         3 data inputs ; 28                          ;
;         4 data inputs ; 32                          ;
;                       ;                             ;
; Max LUT depth         ; 4.00                        ;
; Average LUT depth     ; 2.96                        ;
+-----------------------+-----------------------------+


+-------------------------------+
; Elapsed Time Per Partition    ;
+----------------+--------------+
; Partition Name ; Elapsed Time ;
+----------------+--------------+
; Top            ; 00:00:00     ;
+----------------+--------------+


+-------------------------------+
; Analysis & Synthesis Messages ;
+-------------------------------+
Info: *******************************************************************
Info: Running Quartus Prime Analysis & Synthesis
    Info: Version 16.1.0 Build 196 10/24/2016 SJ Lite Edition
    Info: Processing started: Thu Apr 27 17:07:28 2017
Info: Command: quartus_map --read_settings_files=on --write_settings_files=off p1 -c p1
Warning (18236): Number of processors has not been specified which may cause overloading on shared machines.  Set the global assignment NUM_PARALLEL_PROCESSORS in your QSF to an appropriate value for best performance.
Info (20030): Parallel compilation is enabled and will use 2 of the 2 processors detected
Info (12021): Found 2 design units, including 2 entities, in source file register.v
    Info (12023): Found entity 1: REGISTER File: F:/Work/FPGA/Board/Lab9/P1/REGISTER.v Line: 1
    Info (12023): Found entity 2: testREGISTER File: F:/Work/FPGA/Board/Lab9/P1/REGISTER.v Line: 30
Info (12021): Found 2 design units, including 2 entities, in source file iregister.v
    Info (12023): Found entity 1: IREGISTER File: F:/Work/FPGA/Board/Lab9/P1/IREGISTER.v Line: 1
    Info (12023): Found entity 2: testIREGISTER File: F:/Work/FPGA/Board/Lab9/P1/IREGISTER.v Line: 29
Info (12021): Found 2 design units, including 2 entities, in source file counter.v
    Info (12023): Found entity 1: COUNTER File: F:/Work/FPGA/Board/Lab9/P1/COUNTER.v Line: 1
    Info (12023): Found entity 2: testCOUNTER File: F:/Work/FPGA/Board/Lab9/P1/COUNTER.v Line: 22
Info (12021): Found 2 design units, including 2 entities, in source file multiplexer.v
    Info (12023): Found entity 1: MULTIPLEXER File: F:/Work/FPGA/Board/Lab9/P1/MULTIPLEXER.v Line: 1
    Info (12023): Found entity 2: testMULTIPLEXER File: F:/Work/FPGA/Board/Lab9/P1/MULTIPLEXER.v Line: 69
Info (12021): Found 2 design units, including 2 entities, in source file controlunit.v
    Info (12023): Found entity 1: CONTROLUNIT File: F:/Work/FPGA/Board/Lab9/P1/CONTROLUNIT.v Line: 1
    Info (12023): Found entity 2: testCONTROLUNIT File: F:/Work/FPGA/Board/Lab9/P1/CONTROLUNIT.v Line: 158
Info (12021): Found 2 design units, including 2 entities, in source file decoder.v
    Info (12023): Found entity 1: DECODER File: F:/Work/FPGA/Board/Lab9/P1/DECODER.v Line: 1
    Info (12023): Found entity 2: testDECODER File: F:/Work/FPGA/Board/Lab9/P1/DECODER.v Line: 64
Info (12021): Found 2 design units, including 2 entities, in source file alu.v
    Info (12023): Found entity 1: ALU File: F:/Work/FPGA/Board/Lab9/P1/ALU.v Line: 1
    Info (12023): Found entity 2: testALU File: F:/Work/FPGA/Board/Lab9/P1/ALU.v Line: 22
Info (12021): Found 1 design units, including 1 entities, in source file processor.v
    Info (12023): Found entity 1: PROCESSOR File: F:/Work/FPGA/Board/Lab9/P1/PROCESSOR.v Line: 1
Info (12127): Elaborating entity "CONTROLUNIT" for the top level hierarchy
Warning (10240): Verilog HDL Always Construct warning at CONTROLUNIT.v(42): inferring latch(es) for variable "COUNTERCLR", which holds its previous value in one or more paths through the always construct File: F:/Work/FPGA/Board/Lab9/P1/CONTROLUNIT.v Line: 42
Warning (10240): Verilog HDL Always Construct warning at CONTROLUNIT.v(42): inferring latch(es) for variable "MUXLINE", which holds its previous value in one or more paths through the always construct File: F:/Work/FPGA/Board/Lab9/P1/CONTROLUNIT.v Line: 42
Warning (10240): Verilog HDL Always Construct warning at CONTROLUNIT.v(42): inferring latch(es) for variable "REGSELECTORS", which holds its previous value in one or more paths through the always construct File: F:/Work/FPGA/Board/Lab9/P1/CONTROLUNIT.v Line: 42
Warning (10240): Verilog HDL Always Construct warning at CONTROLUNIT.v(42): inferring latch(es) for variable "DONE", which holds its previous value in one or more paths through the always construct File: F:/Work/FPGA/Board/Lab9/P1/CONTROLUNIT.v Line: 42
Warning (10240): Verilog HDL Always Construct warning at CONTROLUNIT.v(42): inferring latch(es) for variable "ADDSUB", which holds its previous value in one or more paths through the always construct File: F:/Work/FPGA/Board/Lab9/P1/CONTROLUNIT.v Line: 42
Warning (10240): Verilog HDL Always Construct warning at CONTROLUNIT.v(42): inferring latch(es) for variable "IREN", which holds its previous value in one or more paths through the always construct File: F:/Work/FPGA/Board/Lab9/P1/CONTROLUNIT.v Line: 42
Info (10041): Inferred latch for "COUNTERCLR" at CONTROLUNIT.v(42) File: F:/Work/FPGA/Board/Lab9/P1/CONTROLUNIT.v Line: 42
Info (10041): Inferred latch for "IREN" at CONTROLUNIT.v(42) File: F:/Work/FPGA/Board/Lab9/P1/CONTROLUNIT.v Line: 42
Info (10041): Inferred latch for "ADDSUB" at CONTROLUNIT.v(42) File: F:/Work/FPGA/Board/Lab9/P1/CONTROLUNIT.v Line: 42
Info (10041): Inferred latch for "DONE" at CONTROLUNIT.v(42) File: F:/Work/FPGA/Board/Lab9/P1/CONTROLUNIT.v Line: 42
Info (10041): Inferred latch for "REGSELECTORS[0]" at CONTROLUNIT.v(42) File: F:/Work/FPGA/Board/Lab9/P1/CONTROLUNIT.v Line: 42
Info (10041): Inferred latch for "REGSELECTORS[1]" at CONTROLUNIT.v(42) File: F:/Work/FPGA/Board/Lab9/P1/CONTROLUNIT.v Line: 42
Info (10041): Inferred latch for "REGSELECTORS[2]" at CONTROLUNIT.v(42) File: F:/Work/FPGA/Board/Lab9/P1/CONTROLUNIT.v Line: 42
Info (10041): Inferred latch for "REGSELECTORS[3]" at CONTROLUNIT.v(42) File: F:/Work/FPGA/Board/Lab9/P1/CONTROLUNIT.v Line: 42
Info (10041): Inferred latch for "REGSELECTORS[4]" at CONTROLUNIT.v(42) File: F:/Work/FPGA/Board/Lab9/P1/CONTROLUNIT.v Line: 42
Info (10041): Inferred latch for "REGSELECTORS[5]" at CONTROLUNIT.v(42) File: F:/Work/FPGA/Board/Lab9/P1/CONTROLUNIT.v Line: 42
Info (10041): Inferred latch for "REGSELECTORS[6]" at CONTROLUNIT.v(42) File: F:/Work/FPGA/Board/Lab9/P1/CONTROLUNIT.v Line: 42
Info (10041): Inferred latch for "REGSELECTORS[7]" at CONTROLUNIT.v(42) File: F:/Work/FPGA/Board/Lab9/P1/CONTROLUNIT.v Line: 42
Info (10041): Inferred latch for "REGSELECTORS[8]" at CONTROLUNIT.v(42) File: F:/Work/FPGA/Board/Lab9/P1/CONTROLUNIT.v Line: 42
Info (10041): Inferred latch for "REGSELECTORS[9]" at CONTROLUNIT.v(42) File: F:/Work/FPGA/Board/Lab9/P1/CONTROLUNIT.v Line: 42
Info (10041): Inferred latch for "MUXLINE[0]" at CONTROLUNIT.v(42) File: F:/Work/FPGA/Board/Lab9/P1/CONTROLUNIT.v Line: 42
Info (10041): Inferred latch for "MUXLINE[1]" at CONTROLUNIT.v(42) File: F:/Work/FPGA/Board/Lab9/P1/CONTROLUNIT.v Line: 42
Info (10041): Inferred latch for "MUXLINE[2]" at CONTROLUNIT.v(42) File: F:/Work/FPGA/Board/Lab9/P1/CONTROLUNIT.v Line: 42
Info (10041): Inferred latch for "MUXLINE[3]" at CONTROLUNIT.v(42) File: F:/Work/FPGA/Board/Lab9/P1/CONTROLUNIT.v Line: 42
Info (10041): Inferred latch for "MUXLINE[4]" at CONTROLUNIT.v(42) File: F:/Work/FPGA/Board/Lab9/P1/CONTROLUNIT.v Line: 42
Info (10041): Inferred latch for "MUXLINE[5]" at CONTROLUNIT.v(42) File: F:/Work/FPGA/Board/Lab9/P1/CONTROLUNIT.v Line: 42
Info (10041): Inferred latch for "MUXLINE[6]" at CONTROLUNIT.v(42) File: F:/Work/FPGA/Board/Lab9/P1/CONTROLUNIT.v Line: 42
Info (10041): Inferred latch for "MUXLINE[7]" at CONTROLUNIT.v(42) File: F:/Work/FPGA/Board/Lab9/P1/CONTROLUNIT.v Line: 42
Info (10041): Inferred latch for "MUXLINE[8]" at CONTROLUNIT.v(42) File: F:/Work/FPGA/Board/Lab9/P1/CONTROLUNIT.v Line: 42
Info (10041): Inferred latch for "MUXLINE[9]" at CONTROLUNIT.v(42) File: F:/Work/FPGA/Board/Lab9/P1/CONTROLUNIT.v Line: 42
Info (12128): Elaborating entity "DECODER" for hierarchy "DECODER:DEC1" File: F:/Work/FPGA/Board/Lab9/P1/CONTROLUNIT.v Line: 33
Warning (13012): Latch MUXLINE[0]$latch has unsafe behavior File: F:/Work/FPGA/Board/Lab9/P1/CONTROLUNIT.v Line: 42
    Warning (13013): Ports D and ENA on the latch are fed by the same signal COUNTERLINE[0] File: F:/Work/FPGA/Board/Lab9/P1/CONTROLUNIT.v Line: 4
Warning (13012): Latch MUXLINE[1]$latch has unsafe behavior File: F:/Work/FPGA/Board/Lab9/P1/CONTROLUNIT.v Line: 42
    Warning (13013): Ports D and ENA on the latch are fed by the same signal COUNTERLINE[0] File: F:/Work/FPGA/Board/Lab9/P1/CONTROLUNIT.v Line: 4
Warning (13012): Latch MUXLINE[2]$latch has unsafe behavior File: F:/Work/FPGA/Board/Lab9/P1/CONTROLUNIT.v Line: 42
    Warning (13013): Ports D and ENA on the latch are fed by the same signal COUNTERLINE[0] File: F:/Work/FPGA/Board/Lab9/P1/CONTROLUNIT.v Line: 4
Warning (13012): Latch MUXLINE[3]$latch has unsafe behavior File: F:/Work/FPGA/Board/Lab9/P1/CONTROLUNIT.v Line: 42
    Warning (13013): Ports D and ENA on the latch are fed by the same signal COUNTERLINE[0] File: F:/Work/FPGA/Board/Lab9/P1/CONTROLUNIT.v Line: 4
Warning (13012): Latch MUXLINE[4]$latch has unsafe behavior File: F:/Work/FPGA/Board/Lab9/P1/CONTROLUNIT.v Line: 42
    Warning (13013): Ports D and ENA on the latch are fed by the same signal COUNTERLINE[0] File: F:/Work/FPGA/Board/Lab9/P1/CONTROLUNIT.v Line: 4
Warning (13012): Latch MUXLINE[5]$latch has unsafe behavior File: F:/Work/FPGA/Board/Lab9/P1/CONTROLUNIT.v Line: 42
    Warning (13013): Ports D and ENA on the latch are fed by the same signal COUNTERLINE[0] File: F:/Work/FPGA/Board/Lab9/P1/CONTROLUNIT.v Line: 4
Warning (13012): Latch MUXLINE[6]$latch has unsafe behavior File: F:/Work/FPGA/Board/Lab9/P1/CONTROLUNIT.v Line: 42
    Warning (13013): Ports D and ENA on the latch are fed by the same signal COUNTERLINE[0] File: F:/Work/FPGA/Board/Lab9/P1/CONTROLUNIT.v Line: 4
Warning (13012): Latch MUXLINE[7]$latch has unsafe behavior File: F:/Work/FPGA/Board/Lab9/P1/CONTROLUNIT.v Line: 42
    Warning (13013): Ports D and ENA on the latch are fed by the same signal COUNTERLINE[0] File: F:/Work/FPGA/Board/Lab9/P1/CONTROLUNIT.v Line: 4
Warning (13012): Latch MUXLINE[9]$latch has unsafe behavior File: F:/Work/FPGA/Board/Lab9/P1/CONTROLUNIT.v Line: 42
    Warning (13013): Ports D and ENA on the latch are fed by the same signal COUNTERLINE[0] File: F:/Work/FPGA/Board/Lab9/P1/CONTROLUNIT.v Line: 4
Warning (13012): Latch REGSELECTORS[0]$latch has unsafe behavior File: F:/Work/FPGA/Board/Lab9/P1/CONTROLUNIT.v Line: 42
    Warning (13013): Ports D and ENA on the latch are fed by the same signal COUNTERLINE[0] File: F:/Work/FPGA/Board/Lab9/P1/CONTROLUNIT.v Line: 4
Warning (13012): Latch REGSELECTORS[1]$latch has unsafe behavior File: F:/Work/FPGA/Board/Lab9/P1/CONTROLUNIT.v Line: 42
    Warning (13013): Ports D and ENA on the latch are fed by the same signal COUNTERLINE[0] File: F:/Work/FPGA/Board/Lab9/P1/CONTROLUNIT.v Line: 4
Warning (13012): Latch REGSELECTORS[2]$latch has unsafe behavior File: F:/Work/FPGA/Board/Lab9/P1/CONTROLUNIT.v Line: 42
    Warning (13013): Ports D and ENA on the latch are fed by the same signal COUNTERLINE[0] File: F:/Work/FPGA/Board/Lab9/P1/CONTROLUNIT.v Line: 4
Warning (13012): Latch REGSELECTORS[3]$latch has unsafe behavior File: F:/Work/FPGA/Board/Lab9/P1/CONTROLUNIT.v Line: 42
    Warning (13013): Ports D and ENA on the latch are fed by the same signal COUNTERLINE[0] File: F:/Work/FPGA/Board/Lab9/P1/CONTROLUNIT.v Line: 4
Warning (13012): Latch REGSELECTORS[4]$latch has unsafe behavior File: F:/Work/FPGA/Board/Lab9/P1/CONTROLUNIT.v Line: 42
    Warning (13013): Ports D and ENA on the latch are fed by the same signal COUNTERLINE[0] File: F:/Work/FPGA/Board/Lab9/P1/CONTROLUNIT.v Line: 4
Warning (13012): Latch REGSELECTORS[5]$latch has unsafe behavior File: F:/Work/FPGA/Board/Lab9/P1/CONTROLUNIT.v Line: 42
    Warning (13013): Ports D and ENA on the latch are fed by the same signal COUNTERLINE[0] File: F:/Work/FPGA/Board/Lab9/P1/CONTROLUNIT.v Line: 4
Warning (13012): Latch REGSELECTORS[6]$latch has unsafe behavior File: F:/Work/FPGA/Board/Lab9/P1/CONTROLUNIT.v Line: 42
    Warning (13013): Ports D and ENA on the latch are fed by the same signal COUNTERLINE[0] File: F:/Work/FPGA/Board/Lab9/P1/CONTROLUNIT.v Line: 4
Warning (13012): Latch REGSELECTORS[7]$latch has unsafe behavior File: F:/Work/FPGA/Board/Lab9/P1/CONTROLUNIT.v Line: 42
    Warning (13013): Ports D and ENA on the latch are fed by the same signal COUNTERLINE[0] File: F:/Work/FPGA/Board/Lab9/P1/CONTROLUNIT.v Line: 4
Warning (13012): Latch REGSELECTORS[8]$latch has unsafe behavior File: F:/Work/FPGA/Board/Lab9/P1/CONTROLUNIT.v Line: 42
    Warning (13013): Ports D and ENA on the latch are fed by the same signal COUNTERLINE[1] File: F:/Work/FPGA/Board/Lab9/P1/CONTROLUNIT.v Line: 4
Warning (13012): Latch REGSELECTORS[9]$latch has unsafe behavior File: F:/Work/FPGA/Board/Lab9/P1/CONTROLUNIT.v Line: 42
    Warning (13013): Ports D and ENA on the latch are fed by the same signal COUNTERLINE[0] File: F:/Work/FPGA/Board/Lab9/P1/CONTROLUNIT.v Line: 4
Warning (13012): Latch ADDSUB$latch has unsafe behavior File: F:/Work/FPGA/Board/Lab9/P1/CONTROLUNIT.v Line: 42
    Warning (13013): Ports D and ENA on the latch are fed by the same signal IRLINE[6] File: F:/Work/FPGA/Board/Lab9/P1/CONTROLUNIT.v Line: 5
Warning (13012): Latch DONE$latch has unsafe behavior File: F:/Work/FPGA/Board/Lab9/P1/CONTROLUNIT.v Line: 42
    Warning (13013): Ports D and ENA on the latch are fed by the same signal COUNTERLINE[0] File: F:/Work/FPGA/Board/Lab9/P1/CONTROLUNIT.v Line: 4
Warning (13024): Output pins are stuck at VCC or GND
    Warning (13410): Pin "MUXLINE[8]" is stuck at GND File: F:/Work/FPGA/Board/Lab9/P1/CONTROLUNIT.v Line: 42
    Warning (13410): Pin "IREN" is stuck at VCC File: F:/Work/FPGA/Board/Lab9/P1/CONTROLUNIT.v Line: 9
    Warning (13410): Pin "COUNTERCLR" is stuck at VCC File: F:/Work/FPGA/Board/Lab9/P1/CONTROLUNIT.v Line: 10
Info (286030): Timing-Driven Synthesis is running
Info (144001): Generated suppressed messages file F:/Work/FPGA/Board/Lab9/P1/output_files/p1.map.smsg
Info (16010): Generating hard_block partition "hard_block:auto_generated_inst"
    Info (16011): Adding 0 node(s), including 0 DDIO, 0 PLL, 0 transceiver and 0 LCELL
Warning (21074): Design contains 1 input pin(s) that do not drive logic
    Warning (15610): No output dependent on input pin "RESET" File: F:/Work/FPGA/Board/Lab9/P1/CONTROLUNIT.v Line: 3
Info (21057): Implemented 100 device resources after synthesis - the final resource count might be different
    Info (21058): Implemented 13 input pins
    Info (21059): Implemented 24 output pins
    Info (21061): Implemented 63 logic cells
Info: Quartus Prime Analysis & Synthesis was successful. 0 errors, 55 warnings
    Info: Peak virtual memory: 598 megabytes
    Info: Processing ended: Thu Apr 27 17:07:42 2017
    Info: Elapsed time: 00:00:14
    Info: Total CPU time (on all processors): 00:00:31


+------------------------------------------+
; Analysis & Synthesis Suppressed Messages ;
+------------------------------------------+
The suppressed messages can be found in F:/Work/FPGA/Board/Lab9/P1/output_files/p1.map.smsg.


