Analysis & Synthesis report for p1
Sun Apr 30 16:13:24 2017
Quartus Prime Version 16.1.0 Build 196 10/24/2016 SJ Lite Edition


---------------------
; Table of Contents ;
---------------------
  1. Legal Notice
  2. Analysis & Synthesis Summary
  3. Analysis & Synthesis Settings
  4. Parallel Compilation
  5. Analysis & Synthesis Source Files Read
  6. Analysis & Synthesis Resource Usage Summary
  7. Analysis & Synthesis Resource Utilization by Entity
  8. User-Specified and Inferred Latches
  9. Registers Removed During Synthesis
 10. Removed Registers Triggering Further Register Optimizations
 11. General Register Statistics
 12. Multiplexer Restructuring Statistics (Restructuring Performed)
 13. Parameter Settings for User Entity Instance: REGISTER:REG_0
 14. Parameter Settings for User Entity Instance: REGISTER:REG_1
 15. Parameter Settings for User Entity Instance: REGISTER:REG_2
 16. Parameter Settings for User Entity Instance: REGISTER:REG_3
 17. Parameter Settings for User Entity Instance: REGISTER:REG_4
 18. Parameter Settings for User Entity Instance: REGISTER:REG_5
 19. Parameter Settings for User Entity Instance: REGISTER:REG_6
 20. Parameter Settings for User Entity Instance: REGISTER:REG_7
 21. Parameter Settings for User Entity Instance: REGISTER:REG_A
 22. Parameter Settings for User Entity Instance: REGISTER:REG_G
 23. Port Connectivity Checks: "CONTROLUNIT:CU|DECODER:DEC2"
 24. Port Connectivity Checks: "CONTROLUNIT:CU|DECODER:DEC1"
 25. Port Connectivity Checks: "CONTROLUNIT:CU"
 26. Post-Synthesis Netlist Statistics for Top Partition
 27. Elapsed Time Per Partition
 28. Analysis & Synthesis Messages
 29. Analysis & Synthesis Suppressed Messages



----------------
; Legal Notice ;
----------------
Copyright (C) 2016  Intel Corporation. All rights reserved.
Your use of Intel Corporation's design tools, logic functions 
and other software and tools, and its AMPP partner logic 
functions, and any output files from any of the foregoing 
(including device programming or simulation files), and any 
associated documentation or information are expressly subject 
to the terms and conditions of the Intel Program License 
Subscription Agreement, the Intel Quartus Prime License Agreement,
the Intel MegaCore Function License Agreement, or other 
applicable license agreement, including, without limitation, 
that your use is for the sole purpose of programming logic 
devices manufactured by Intel and sold by Intel or its 
authorized distributors.  Please refer to the applicable 
agreement for further details.



+----------------------------------------------------------------------------------+
; Analysis & Synthesis Summary                                                     ;
+------------------------------------+---------------------------------------------+
; Analysis & Synthesis Status        ; Successful - Sun Apr 30 16:13:24 2017       ;
; Quartus Prime Version              ; 16.1.0 Build 196 10/24/2016 SJ Lite Edition ;
; Revision Name                      ; p1                                          ;
; Top-level Entity Name              ; PROCESSOR                                   ;
; Family                             ; Cyclone IV E                                ;
; Total logic elements               ; 320                                         ;
;     Total combinational functions  ; 208                                         ;
;     Dedicated logic registers      ; 130                                         ;
; Total registers                    ; 130                                         ;
; Total pins                         ; 186                                         ;
; Total virtual pins                 ; 0                                           ;
; Total memory bits                  ; 0                                           ;
; Embedded Multiplier 9-bit elements ; 0                                           ;
; Total PLLs                         ; 0                                           ;
+------------------------------------+---------------------------------------------+


+----------------------------------------------------------------------------------------------------------------------+
; Analysis & Synthesis Settings                                                                                        ;
+----------------------------------------------------------------------------+--------------------+--------------------+
; Option                                                                     ; Setting            ; Default Value      ;
+----------------------------------------------------------------------------+--------------------+--------------------+
; Device                                                                     ; EP4CE115F29C7      ;                    ;
; Top-level entity name                                                      ; PROCESSOR          ; p1                 ;
; Family name                                                                ; Cyclone IV E       ; Cyclone V          ;
; Use smart compilation                                                      ; Off                ; Off                ;
; Enable parallel Assembler and TimeQuest Timing Analyzer during compilation ; On                 ; On                 ;
; Enable compact report table                                                ; Off                ; Off                ;
; Restructure Multiplexers                                                   ; Auto               ; Auto               ;
; Create Debugging Nodes for IP Cores                                        ; Off                ; Off                ;
; Preserve fewer node names                                                  ; On                 ; On                 ;
; OpenCore Plus hardware evaluation                                          ; Enable             ; Enable             ;
; Verilog Version                                                            ; Verilog_2001       ; Verilog_2001       ;
; VHDL Version                                                               ; VHDL_1993          ; VHDL_1993          ;
; State Machine Processing                                                   ; Auto               ; Auto               ;
; Safe State Machine                                                         ; Off                ; Off                ;
; Extract Verilog State Machines                                             ; On                 ; On                 ;
; Extract VHDL State Machines                                                ; On                 ; On                 ;
; Ignore Verilog initial constructs                                          ; Off                ; Off                ;
; Iteration limit for constant Verilog loops                                 ; 5000               ; 5000               ;
; Iteration limit for non-constant Verilog loops                             ; 250                ; 250                ;
; Add Pass-Through Logic to Inferred RAMs                                    ; On                 ; On                 ;
; Infer RAMs from Raw Logic                                                  ; On                 ; On                 ;
; Parallel Synthesis                                                         ; On                 ; On                 ;
; DSP Block Balancing                                                        ; Auto               ; Auto               ;
; NOT Gate Push-Back                                                         ; On                 ; On                 ;
; Power-Up Don't Care                                                        ; On                 ; On                 ;
; Remove Redundant Logic Cells                                               ; Off                ; Off                ;
; Remove Duplicate Registers                                                 ; On                 ; On                 ;
; Ignore CARRY Buffers                                                       ; Off                ; Off                ;
; Ignore CASCADE Buffers                                                     ; Off                ; Off                ;
; Ignore GLOBAL Buffers                                                      ; Off                ; Off                ;
; Ignore ROW GLOBAL Buffers                                                  ; Off                ; Off                ;
; Ignore LCELL Buffers                                                       ; Off                ; Off                ;
; Ignore SOFT Buffers                                                        ; On                 ; On                 ;
; Limit AHDL Integers to 32 Bits                                             ; Off                ; Off                ;
; Optimization Technique                                                     ; Balanced           ; Balanced           ;
; Carry Chain Length                                                         ; 70                 ; 70                 ;
; Auto Carry Chains                                                          ; On                 ; On                 ;
; Auto Open-Drain Pins                                                       ; On                 ; On                 ;
; Perform WYSIWYG Primitive Resynthesis                                      ; Off                ; Off                ;
; Auto ROM Replacement                                                       ; On                 ; On                 ;
; Auto RAM Replacement                                                       ; On                 ; On                 ;
; Auto DSP Block Replacement                                                 ; On                 ; On                 ;
; Auto Shift Register Replacement                                            ; Auto               ; Auto               ;
; Allow Shift Register Merging across Hierarchies                            ; Auto               ; Auto               ;
; Auto Clock Enable Replacement                                              ; On                 ; On                 ;
; Strict RAM Replacement                                                     ; Off                ; Off                ;
; Allow Synchronous Control Signals                                          ; On                 ; On                 ;
; Force Use of Synchronous Clear Signals                                     ; Off                ; Off                ;
; Auto RAM Block Balancing                                                   ; On                 ; On                 ;
; Auto RAM to Logic Cell Conversion                                          ; Off                ; Off                ;
; Auto Resource Sharing                                                      ; Off                ; Off                ;
; Allow Any RAM Size For Recognition                                         ; Off                ; Off                ;
; Allow Any ROM Size For Recognition                                         ; Off                ; Off                ;
; Allow Any Shift Register Size For Recognition                              ; Off                ; Off                ;
; Use LogicLock Constraints during Resource Balancing                        ; On                 ; On                 ;
; Ignore translate_off and synthesis_off directives                          ; Off                ; Off                ;
; Timing-Driven Synthesis                                                    ; On                 ; On                 ;
; Report Parameter Settings                                                  ; On                 ; On                 ;
; Report Source Assignments                                                  ; On                 ; On                 ;
; Report Connectivity Checks                                                 ; On                 ; On                 ;
; Ignore Maximum Fan-Out Assignments                                         ; Off                ; Off                ;
; Synchronization Register Chain Length                                      ; 2                  ; 2                  ;
; PowerPlay Power Optimization During Synthesis                              ; Normal compilation ; Normal compilation ;
; HDL message level                                                          ; Level2             ; Level2             ;
; Suppress Register Optimization Related Messages                            ; Off                ; Off                ;
; Number of Removed Registers Reported in Synthesis Report                   ; 5000               ; 5000               ;
; Number of Swept Nodes Reported in Synthesis Report                         ; 5000               ; 5000               ;
; Number of Inverted Registers Reported in Synthesis Report                  ; 100                ; 100                ;
; Clock MUX Protection                                                       ; On                 ; On                 ;
; Auto Gated Clock Conversion                                                ; Off                ; Off                ;
; Block Design Naming                                                        ; Auto               ; Auto               ;
; SDC constraint protection                                                  ; Off                ; Off                ;
; Synthesis Effort                                                           ; Auto               ; Auto               ;
; Shift Register Replacement - Allow Asynchronous Clear Signal               ; On                 ; On                 ;
; Pre-Mapping Resynthesis Optimization                                       ; Off                ; Off                ;
; Analysis & Synthesis Message Level                                         ; Medium             ; Medium             ;
; Disable Register Merging Across Hierarchies                                ; Auto               ; Auto               ;
; Resource Aware Inference For Block RAM                                     ; On                 ; On                 ;
+----------------------------------------------------------------------------+--------------------+--------------------+


+------------------------------------------+
; Parallel Compilation                     ;
+----------------------------+-------------+
; Processors                 ; Number      ;
+----------------------------+-------------+
; Number detected on machine ; 4           ;
; Maximum allowed            ; 2           ;
;                            ;             ;
; Average used               ; 1.00        ;
; Maximum used               ; 2           ;
;                            ;             ;
; Usage by Processor         ; % Time Used ;
;     Processor 1            ; 100.0%      ;
;     Processor 2            ;   0.0%      ;
+----------------------------+-------------+


+----------------------------------------------------------------------------------------------------------------------------------+
; Analysis & Synthesis Source Files Read                                                                                           ;
+----------------------------------+-----------------+------------------------+------------------------------------------+---------+
; File Name with User-Entered Path ; Used in Netlist ; File Type              ; File Name with Absolute Path             ; Library ;
+----------------------------------+-----------------+------------------------+------------------------------------------+---------+
; REGISTER.v                       ; yes             ; User Verilog HDL File  ; F:/Work/FPGA/Board/Lab9/P1/REGISTER.v    ;         ;
; COUNTER.v                        ; yes             ; User Verilog HDL File  ; F:/Work/FPGA/Board/Lab9/P1/COUNTER.v     ;         ;
; MULTIPLEXER.v                    ; yes             ; User Verilog HDL File  ; F:/Work/FPGA/Board/Lab9/P1/MULTIPLEXER.v ;         ;
; CONTROLUNIT.v                    ; yes             ; User Verilog HDL File  ; F:/Work/FPGA/Board/Lab9/P1/CONTROLUNIT.v ;         ;
; DECODER.v                        ; yes             ; User Verilog HDL File  ; F:/Work/FPGA/Board/Lab9/P1/DECODER.v     ;         ;
; ALU.v                            ; yes             ; User Verilog HDL File  ; F:/Work/FPGA/Board/Lab9/P1/ALU.v         ;         ;
; PROCESSOR.v                      ; yes             ; User Verilog HDL File  ; F:/Work/FPGA/Board/Lab9/P1/PROCESSOR.v   ;         ;
+----------------------------------+-----------------+------------------------+------------------------------------------+---------+


+---------------------------------------------------------+
; Analysis & Synthesis Resource Usage Summary             ;
+---------------------------------------------+-----------+
; Resource                                    ; Usage     ;
+---------------------------------------------+-----------+
; Estimated Total logic elements              ; 320       ;
;                                             ;           ;
; Total combinational functions               ; 208       ;
; Logic element usage by number of LUT inputs ;           ;
;     -- 4 input functions                    ; 142       ;
;     -- 3 input functions                    ; 50        ;
;     -- <=2 input functions                  ; 16        ;
;                                             ;           ;
; Logic elements by mode                      ;           ;
;     -- normal mode                          ; 208       ;
;     -- arithmetic mode                      ; 0         ;
;                                             ;           ;
; Total registers                             ; 130       ;
;     -- Dedicated logic registers            ; 130       ;
;     -- I/O registers                        ; 0         ;
;                                             ;           ;
; I/O pins                                    ; 186       ;
;                                             ;           ;
; Embedded Multiplier 9-bit elements          ; 0         ;
;                                             ;           ;
; Maximum fan-out node                        ; CLK~input ;
; Maximum fan-out                             ; 130       ;
; Total fan-out                               ; 1490      ;
; Average fan-out                             ; 2.10      ;
+---------------------------------------------+-----------+


+-----------------------------------------------------------------------------------------------------------------------------------------------------------------------------------------------------------------+
; Analysis & Synthesis Resource Utilization by Entity                                                                                                                                                             ;
+----------------------------+---------------------+---------------------------+-------------+--------------+---------+-----------+------+--------------+----------------------------+-------------+--------------+
; Compilation Hierarchy Node ; Combinational ALUTs ; Dedicated Logic Registers ; Memory Bits ; DSP Elements ; DSP 9x9 ; DSP 18x18 ; Pins ; Virtual Pins ; Full Hierarchy Name        ; Entity Name ; Library Name ;
+----------------------------+---------------------+---------------------------+-------------+--------------+---------+-----------+------+--------------+----------------------------+-------------+--------------+
; |PROCESSOR                 ; 208 (0)             ; 130 (0)                   ; 0           ; 0            ; 0       ; 0         ; 186  ; 0            ; |PROCESSOR                 ; PROCESSOR   ; work         ;
;    |CONTROLUNIT:CU|        ; 72 (72)             ; 0 (0)                     ; 0           ; 0            ; 0       ; 0         ; 0    ; 0            ; |PROCESSOR|CONTROLUNIT:CU  ; CONTROLUNIT ; work         ;
;    |COUNTER:COUNT|         ; 2 (2)               ; 2 (2)                     ; 0           ; 0            ; 0       ; 0         ; 0    ; 0            ; |PROCESSOR|COUNTER:COUNT   ; COUNTER     ; work         ;
;    |MULTIPLEXER:MUX|       ; 134 (134)           ; 0 (0)                     ; 0           ; 0            ; 0       ; 0         ; 0    ; 0            ; |PROCESSOR|MULTIPLEXER:MUX ; MULTIPLEXER ; work         ;
;    |REGISTER:REG_0|        ; 0 (0)               ; 16 (16)                   ; 0           ; 0            ; 0       ; 0         ; 0    ; 0            ; |PROCESSOR|REGISTER:REG_0  ; REGISTER    ; work         ;
;    |REGISTER:REG_1|        ; 0 (0)               ; 16 (16)                   ; 0           ; 0            ; 0       ; 0         ; 0    ; 0            ; |PROCESSOR|REGISTER:REG_1  ; REGISTER    ; work         ;
;    |REGISTER:REG_2|        ; 0 (0)               ; 16 (16)                   ; 0           ; 0            ; 0       ; 0         ; 0    ; 0            ; |PROCESSOR|REGISTER:REG_2  ; REGISTER    ; work         ;
;    |REGISTER:REG_3|        ; 0 (0)               ; 16 (16)                   ; 0           ; 0            ; 0       ; 0         ; 0    ; 0            ; |PROCESSOR|REGISTER:REG_3  ; REGISTER    ; work         ;
;    |REGISTER:REG_4|        ; 0 (0)               ; 16 (16)                   ; 0           ; 0            ; 0       ; 0         ; 0    ; 0            ; |PROCESSOR|REGISTER:REG_4  ; REGISTER    ; work         ;
;    |REGISTER:REG_5|        ; 0 (0)               ; 16 (16)                   ; 0           ; 0            ; 0       ; 0         ; 0    ; 0            ; |PROCESSOR|REGISTER:REG_5  ; REGISTER    ; work         ;
;    |REGISTER:REG_6|        ; 0 (0)               ; 16 (16)                   ; 0           ; 0            ; 0       ; 0         ; 0    ; 0            ; |PROCESSOR|REGISTER:REG_6  ; REGISTER    ; work         ;
;    |REGISTER:REG_7|        ; 0 (0)               ; 16 (16)                   ; 0           ; 0            ; 0       ; 0         ; 0    ; 0            ; |PROCESSOR|REGISTER:REG_7  ; REGISTER    ; work         ;
+----------------------------+---------------------+---------------------------+-------------+--------------+---------+-----------+------+--------------+----------------------------+-------------+--------------+
Note: For table entries with two numbers listed, the numbers in parentheses indicate the number of resources of the given type used by the specific entity alone. The numbers listed outside of parentheses indicate the total resources of the given type used by the specific entity and all of its sub-entities in the hierarchy.


+----------------------------------------------------------------------------------------------------------+
; User-Specified and Inferred Latches                                                                      ;
+-----------------------------------------------------+---------------------------+------------------------+
; Latch Name                                          ; Latch Enable Signal       ; Free of Timing Hazards ;
+-----------------------------------------------------+---------------------------+------------------------+
; CONTROLUNIT:CU|MUXLINE[0]                           ; CONTROLUNIT:CU|MUXLINE[9] ; yes                    ;
; CONTROLUNIT:CU|MUXLINE[1]                           ; CONTROLUNIT:CU|MUXLINE[9] ; yes                    ;
; CONTROLUNIT:CU|MUXLINE[2]                           ; CONTROLUNIT:CU|MUXLINE[9] ; yes                    ;
; CONTROLUNIT:CU|MUXLINE[3]                           ; CONTROLUNIT:CU|MUXLINE[9] ; yes                    ;
; CONTROLUNIT:CU|MUXLINE[4]                           ; CONTROLUNIT:CU|MUXLINE[9] ; yes                    ;
; CONTROLUNIT:CU|MUXLINE[5]                           ; CONTROLUNIT:CU|MUXLINE[9] ; yes                    ;
; CONTROLUNIT:CU|MUXLINE[6]                           ; CONTROLUNIT:CU|MUXLINE[9] ; yes                    ;
; CONTROLUNIT:CU|MUXLINE[7]                           ; CONTROLUNIT:CU|MUXLINE[9] ; yes                    ;
; CONTROLUNIT:CU|MUXLINE[9]                           ; CONTROLUNIT:CU|MUXLINE[9] ; yes                    ;
; CONTROLUNIT:CU|DONE                                 ; CONTROLUNIT:CU|DONE       ; yes                    ;
; CONTROLUNIT:CU|REGSELECTORS[0]                      ; CONTROLUNIT:CU|MUXLINE[9] ; yes                    ;
; CONTROLUNIT:CU|REGSELECTORS[1]                      ; CONTROLUNIT:CU|MUXLINE[9] ; yes                    ;
; CONTROLUNIT:CU|REGSELECTORS[2]                      ; CONTROLUNIT:CU|MUXLINE[9] ; yes                    ;
; CONTROLUNIT:CU|REGSELECTORS[3]                      ; CONTROLUNIT:CU|MUXLINE[9] ; yes                    ;
; CONTROLUNIT:CU|REGSELECTORS[4]                      ; CONTROLUNIT:CU|MUXLINE[9] ; yes                    ;
; CONTROLUNIT:CU|REGSELECTORS[5]                      ; CONTROLUNIT:CU|MUXLINE[9] ; yes                    ;
; CONTROLUNIT:CU|REGSELECTORS[6]                      ; CONTROLUNIT:CU|MUXLINE[9] ; yes                    ;
; CONTROLUNIT:CU|REGSELECTORS[7]                      ; CONTROLUNIT:CU|MUXLINE[9] ; yes                    ;
; CONTROLUNIT:CU|REGSELECTORS[8]                      ; CONTROLUNIT:CU|MUXLINE[9] ; yes                    ;
; CONTROLUNIT:CU|REGSELECTORS[9]                      ; CONTROLUNIT:CU|MUXLINE[9] ; yes                    ;
; CONTROLUNIT:CU|IRtoCU[0]                            ; CONTROLUNIT:CU|IRtoCU[0]  ; yes                    ;
; CONTROLUNIT:CU|IRtoCU[1]                            ; CONTROLUNIT:CU|IRtoCU[0]  ; yes                    ;
; CONTROLUNIT:CU|IRtoCU[2]                            ; CONTROLUNIT:CU|IRtoCU[0]  ; yes                    ;
; CONTROLUNIT:CU|IRtoCU[3]                            ; CONTROLUNIT:CU|IRtoCU[0]  ; yes                    ;
; CONTROLUNIT:CU|IRtoCU[4]                            ; CONTROLUNIT:CU|IRtoCU[0]  ; yes                    ;
; CONTROLUNIT:CU|IRtoCU[5]                            ; CONTROLUNIT:CU|IRtoCU[0]  ; yes                    ;
; CONTROLUNIT:CU|IRtoCU[6]                            ; CONTROLUNIT:CU|IRtoCU[0]  ; yes                    ;
; CONTROLUNIT:CU|IRtoCU[8]                            ; CONTROLUNIT:CU|IRtoCU[0]  ; yes                    ;
; CONTROLUNIT:CU|IRtoCU[7]                            ; CONTROLUNIT:CU|IRtoCU[0]  ; yes                    ;
; CONTROLUNIT:CU|IREN                                 ; CONTROLUNIT:CU|IREN       ; yes                    ;
; Number of user-specified and inferred latches = 30  ;                           ;                        ;
+-----------------------------------------------------+---------------------------+------------------------+
Note: All latches listed above may not be present at the end of synthesis due to various synthesis optimizations.


+----------------------------------------------------------------------------------+
; Registers Removed During Synthesis                                               ;
+-----------------------------------------+----------------------------------------+
; Register name                           ; Reason for Removal                     ;
+-----------------------------------------+----------------------------------------+
; REGISTER:REG_G|OUT[0..15]               ; Lost fanout                            ;
; REGISTER:REG_G|CURRENT[0..15]           ; Lost fanout                            ;
; REGISTER:REG_A|CURRENT[0..15]           ; Lost fanout                            ;
; REGISTER:REG_A|OUT[0..15]               ; Lost fanout                            ;
; REGISTER:REG_0|OUT[0]                   ; Merged with REGISTER:REG_0|CURRENT[0]  ;
; REGISTER:REG_1|OUT[0]                   ; Merged with REGISTER:REG_1|CURRENT[0]  ;
; REGISTER:REG_2|OUT[0]                   ; Merged with REGISTER:REG_2|CURRENT[0]  ;
; REGISTER:REG_3|OUT[0]                   ; Merged with REGISTER:REG_3|CURRENT[0]  ;
; REGISTER:REG_4|OUT[0]                   ; Merged with REGISTER:REG_4|CURRENT[0]  ;
; REGISTER:REG_5|OUT[0]                   ; Merged with REGISTER:REG_5|CURRENT[0]  ;
; REGISTER:REG_6|OUT[0]                   ; Merged with REGISTER:REG_6|CURRENT[0]  ;
; REGISTER:REG_7|OUT[0]                   ; Merged with REGISTER:REG_7|CURRENT[0]  ;
; REGISTER:REG_0|OUT[1]                   ; Merged with REGISTER:REG_0|CURRENT[1]  ;
; REGISTER:REG_1|OUT[1]                   ; Merged with REGISTER:REG_1|CURRENT[1]  ;
; REGISTER:REG_2|OUT[1]                   ; Merged with REGISTER:REG_2|CURRENT[1]  ;
; REGISTER:REG_3|OUT[1]                   ; Merged with REGISTER:REG_3|CURRENT[1]  ;
; REGISTER:REG_4|OUT[1]                   ; Merged with REGISTER:REG_4|CURRENT[1]  ;
; REGISTER:REG_5|OUT[1]                   ; Merged with REGISTER:REG_5|CURRENT[1]  ;
; REGISTER:REG_6|OUT[1]                   ; Merged with REGISTER:REG_6|CURRENT[1]  ;
; REGISTER:REG_7|OUT[1]                   ; Merged with REGISTER:REG_7|CURRENT[1]  ;
; REGISTER:REG_0|OUT[2]                   ; Merged with REGISTER:REG_0|CURRENT[2]  ;
; REGISTER:REG_1|OUT[2]                   ; Merged with REGISTER:REG_1|CURRENT[2]  ;
; REGISTER:REG_2|OUT[2]                   ; Merged with REGISTER:REG_2|CURRENT[2]  ;
; REGISTER:REG_3|OUT[2]                   ; Merged with REGISTER:REG_3|CURRENT[2]  ;
; REGISTER:REG_4|OUT[2]                   ; Merged with REGISTER:REG_4|CURRENT[2]  ;
; REGISTER:REG_5|OUT[2]                   ; Merged with REGISTER:REG_5|CURRENT[2]  ;
; REGISTER:REG_6|OUT[2]                   ; Merged with REGISTER:REG_6|CURRENT[2]  ;
; REGISTER:REG_7|OUT[2]                   ; Merged with REGISTER:REG_7|CURRENT[2]  ;
; REGISTER:REG_0|OUT[3]                   ; Merged with REGISTER:REG_0|CURRENT[3]  ;
; REGISTER:REG_1|OUT[3]                   ; Merged with REGISTER:REG_1|CURRENT[3]  ;
; REGISTER:REG_2|OUT[3]                   ; Merged with REGISTER:REG_2|CURRENT[3]  ;
; REGISTER:REG_3|OUT[3]                   ; Merged with REGISTER:REG_3|CURRENT[3]  ;
; REGISTER:REG_4|OUT[3]                   ; Merged with REGISTER:REG_4|CURRENT[3]  ;
; REGISTER:REG_5|OUT[3]                   ; Merged with REGISTER:REG_5|CURRENT[3]  ;
; REGISTER:REG_6|OUT[3]                   ; Merged with REGISTER:REG_6|CURRENT[3]  ;
; REGISTER:REG_7|OUT[3]                   ; Merged with REGISTER:REG_7|CURRENT[3]  ;
; REGISTER:REG_0|OUT[4]                   ; Merged with REGISTER:REG_0|CURRENT[4]  ;
; REGISTER:REG_1|OUT[4]                   ; Merged with REGISTER:REG_1|CURRENT[4]  ;
; REGISTER:REG_2|OUT[4]                   ; Merged with REGISTER:REG_2|CURRENT[4]  ;
; REGISTER:REG_3|OUT[4]                   ; Merged with REGISTER:REG_3|CURRENT[4]  ;
; REGISTER:REG_4|OUT[4]                   ; Merged with REGISTER:REG_4|CURRENT[4]  ;
; REGISTER:REG_5|OUT[4]                   ; Merged with REGISTER:REG_5|CURRENT[4]  ;
; REGISTER:REG_6|OUT[4]                   ; Merged with REGISTER:REG_6|CURRENT[4]  ;
; REGISTER:REG_7|OUT[4]                   ; Merged with REGISTER:REG_7|CURRENT[4]  ;
; REGISTER:REG_0|OUT[5]                   ; Merged with REGISTER:REG_0|CURRENT[5]  ;
; REGISTER:REG_1|OUT[5]                   ; Merged with REGISTER:REG_1|CURRENT[5]  ;
; REGISTER:REG_2|OUT[5]                   ; Merged with REGISTER:REG_2|CURRENT[5]  ;
; REGISTER:REG_3|OUT[5]                   ; Merged with REGISTER:REG_3|CURRENT[5]  ;
; REGISTER:REG_4|OUT[5]                   ; Merged with REGISTER:REG_4|CURRENT[5]  ;
; REGISTER:REG_5|OUT[5]                   ; Merged with REGISTER:REG_5|CURRENT[5]  ;
; REGISTER:REG_6|OUT[5]                   ; Merged with REGISTER:REG_6|CURRENT[5]  ;
; REGISTER:REG_7|OUT[5]                   ; Merged with REGISTER:REG_7|CURRENT[5]  ;
; REGISTER:REG_0|OUT[6]                   ; Merged with REGISTER:REG_0|CURRENT[6]  ;
; REGISTER:REG_1|OUT[6]                   ; Merged with REGISTER:REG_1|CURRENT[6]  ;
; REGISTER:REG_2|OUT[6]                   ; Merged with REGISTER:REG_2|CURRENT[6]  ;
; REGISTER:REG_3|OUT[6]                   ; Merged with REGISTER:REG_3|CURRENT[6]  ;
; REGISTER:REG_4|OUT[6]                   ; Merged with REGISTER:REG_4|CURRENT[6]  ;
; REGISTER:REG_5|OUT[6]                   ; Merged with REGISTER:REG_5|CURRENT[6]  ;
; REGISTER:REG_6|OUT[6]                   ; Merged with REGISTER:REG_6|CURRENT[6]  ;
; REGISTER:REG_7|OUT[6]                   ; Merged with REGISTER:REG_7|CURRENT[6]  ;
; REGISTER:REG_0|OUT[7]                   ; Merged with REGISTER:REG_0|CURRENT[7]  ;
; REGISTER:REG_1|OUT[7]                   ; Merged with REGISTER:REG_1|CURRENT[7]  ;
; REGISTER:REG_2|OUT[7]                   ; Merged with REGISTER:REG_2|CURRENT[7]  ;
; REGISTER:REG_3|OUT[7]                   ; Merged with REGISTER:REG_3|CURRENT[7]  ;
; REGISTER:REG_4|OUT[7]                   ; Merged with REGISTER:REG_4|CURRENT[7]  ;
; REGISTER:REG_5|OUT[7]                   ; Merged with REGISTER:REG_5|CURRENT[7]  ;
; REGISTER:REG_6|OUT[7]                   ; Merged with REGISTER:REG_6|CURRENT[7]  ;
; REGISTER:REG_7|OUT[7]                   ; Merged with REGISTER:REG_7|CURRENT[7]  ;
; REGISTER:REG_0|OUT[8]                   ; Merged with REGISTER:REG_0|CURRENT[8]  ;
; REGISTER:REG_1|OUT[8]                   ; Merged with REGISTER:REG_1|CURRENT[8]  ;
; REGISTER:REG_2|OUT[8]                   ; Merged with REGISTER:REG_2|CURRENT[8]  ;
; REGISTER:REG_3|OUT[8]                   ; Merged with REGISTER:REG_3|CURRENT[8]  ;
; REGISTER:REG_4|OUT[8]                   ; Merged with REGISTER:REG_4|CURRENT[8]  ;
; REGISTER:REG_5|OUT[8]                   ; Merged with REGISTER:REG_5|CURRENT[8]  ;
; REGISTER:REG_6|OUT[8]                   ; Merged with REGISTER:REG_6|CURRENT[8]  ;
; REGISTER:REG_7|OUT[8]                   ; Merged with REGISTER:REG_7|CURRENT[8]  ;
; REGISTER:REG_0|OUT[9]                   ; Merged with REGISTER:REG_0|CURRENT[9]  ;
; REGISTER:REG_1|OUT[9]                   ; Merged with REGISTER:REG_1|CURRENT[9]  ;
; REGISTER:REG_2|OUT[9]                   ; Merged with REGISTER:REG_2|CURRENT[9]  ;
; REGISTER:REG_3|OUT[9]                   ; Merged with REGISTER:REG_3|CURRENT[9]  ;
; REGISTER:REG_4|OUT[9]                   ; Merged with REGISTER:REG_4|CURRENT[9]  ;
; REGISTER:REG_5|OUT[9]                   ; Merged with REGISTER:REG_5|CURRENT[9]  ;
; REGISTER:REG_6|OUT[9]                   ; Merged with REGISTER:REG_6|CURRENT[9]  ;
; REGISTER:REG_7|OUT[9]                   ; Merged with REGISTER:REG_7|CURRENT[9]  ;
; REGISTER:REG_0|OUT[10]                  ; Merged with REGISTER:REG_0|CURRENT[10] ;
; REGISTER:REG_1|OUT[10]                  ; Merged with REGISTER:REG_1|CURRENT[10] ;
; REGISTER:REG_2|OUT[10]                  ; Merged with REGISTER:REG_2|CURRENT[10] ;
; REGISTER:REG_3|OUT[10]                  ; Merged with REGISTER:REG_3|CURRENT[10] ;
; REGISTER:REG_4|OUT[10]                  ; Merged with REGISTER:REG_4|CURRENT[10] ;
; REGISTER:REG_5|OUT[10]                  ; Merged with REGISTER:REG_5|CURRENT[10] ;
; REGISTER:REG_6|OUT[10]                  ; Merged with REGISTER:REG_6|CURRENT[10] ;
; REGISTER:REG_7|OUT[10]                  ; Merged with REGISTER:REG_7|CURRENT[10] ;
; REGISTER:REG_0|OUT[11]                  ; Merged with REGISTER:REG_0|CURRENT[11] ;
; REGISTER:REG_1|OUT[11]                  ; Merged with REGISTER:REG_1|CURRENT[11] ;
; REGISTER:REG_2|OUT[11]                  ; Merged with REGISTER:REG_2|CURRENT[11] ;
; REGISTER:REG_3|OUT[11]                  ; Merged with REGISTER:REG_3|CURRENT[11] ;
; REGISTER:REG_4|OUT[11]                  ; Merged with REGISTER:REG_4|CURRENT[11] ;
; REGISTER:REG_5|OUT[11]                  ; Merged with REGISTER:REG_5|CURRENT[11] ;
; REGISTER:REG_6|OUT[11]                  ; Merged with REGISTER:REG_6|CURRENT[11] ;
; REGISTER:REG_7|OUT[11]                  ; Merged with REGISTER:REG_7|CURRENT[11] ;
; REGISTER:REG_0|OUT[12]                  ; Merged with REGISTER:REG_0|CURRENT[12] ;
; REGISTER:REG_1|OUT[12]                  ; Merged with REGISTER:REG_1|CURRENT[12] ;
; REGISTER:REG_2|OUT[12]                  ; Merged with REGISTER:REG_2|CURRENT[12] ;
; REGISTER:REG_3|OUT[12]                  ; Merged with REGISTER:REG_3|CURRENT[12] ;
; REGISTER:REG_4|OUT[12]                  ; Merged with REGISTER:REG_4|CURRENT[12] ;
; REGISTER:REG_5|OUT[12]                  ; Merged with REGISTER:REG_5|CURRENT[12] ;
; REGISTER:REG_6|OUT[12]                  ; Merged with REGISTER:REG_6|CURRENT[12] ;
; REGISTER:REG_7|OUT[12]                  ; Merged with REGISTER:REG_7|CURRENT[12] ;
; REGISTER:REG_0|OUT[13]                  ; Merged with REGISTER:REG_0|CURRENT[13] ;
; REGISTER:REG_1|OUT[13]                  ; Merged with REGISTER:REG_1|CURRENT[13] ;
; REGISTER:REG_2|OUT[13]                  ; Merged with REGISTER:REG_2|CURRENT[13] ;
; REGISTER:REG_3|OUT[13]                  ; Merged with REGISTER:REG_3|CURRENT[13] ;
; REGISTER:REG_4|OUT[13]                  ; Merged with REGISTER:REG_4|CURRENT[13] ;
; REGISTER:REG_5|OUT[13]                  ; Merged with REGISTER:REG_5|CURRENT[13] ;
; REGISTER:REG_6|OUT[13]                  ; Merged with REGISTER:REG_6|CURRENT[13] ;
; REGISTER:REG_7|OUT[13]                  ; Merged with REGISTER:REG_7|CURRENT[13] ;
; REGISTER:REG_0|OUT[14]                  ; Merged with REGISTER:REG_0|CURRENT[14] ;
; REGISTER:REG_1|OUT[14]                  ; Merged with REGISTER:REG_1|CURRENT[14] ;
; REGISTER:REG_2|OUT[14]                  ; Merged with REGISTER:REG_2|CURRENT[14] ;
; REGISTER:REG_3|OUT[14]                  ; Merged with REGISTER:REG_3|CURRENT[14] ;
; REGISTER:REG_4|OUT[14]                  ; Merged with REGISTER:REG_4|CURRENT[14] ;
; REGISTER:REG_5|OUT[14]                  ; Merged with REGISTER:REG_5|CURRENT[14] ;
; REGISTER:REG_6|OUT[14]                  ; Merged with REGISTER:REG_6|CURRENT[14] ;
; REGISTER:REG_7|OUT[14]                  ; Merged with REGISTER:REG_7|CURRENT[14] ;
; REGISTER:REG_0|OUT[15]                  ; Merged with REGISTER:REG_0|CURRENT[15] ;
; REGISTER:REG_1|OUT[15]                  ; Merged with REGISTER:REG_1|CURRENT[15] ;
; REGISTER:REG_2|OUT[15]                  ; Merged with REGISTER:REG_2|CURRENT[15] ;
; REGISTER:REG_3|OUT[15]                  ; Merged with REGISTER:REG_3|CURRENT[15] ;
; REGISTER:REG_4|OUT[15]                  ; Merged with REGISTER:REG_4|CURRENT[15] ;
; REGISTER:REG_5|OUT[15]                  ; Merged with REGISTER:REG_5|CURRENT[15] ;
; REGISTER:REG_6|OUT[15]                  ; Merged with REGISTER:REG_6|CURRENT[15] ;
; REGISTER:REG_7|OUT[15]                  ; Merged with REGISTER:REG_7|CURRENT[15] ;
; Total Number of Removed Registers = 192 ;                                        ;
+-----------------------------------------+----------------------------------------+


+--------------------------------------------------------------------------------------------------------------------------+
; Removed Registers Triggering Further Register Optimizations                                                              ;
+------------------------+--------------------+----------------------------------------------------------------------------+
; Register name          ; Reason for Removal ; Registers Removed due to This Register                                     ;
+------------------------+--------------------+----------------------------------------------------------------------------+
; REGISTER:REG_G|OUT[0]  ; Lost Fanouts       ; REGISTER:REG_G|CURRENT[0], REGISTER:REG_A|OUT[12], REGISTER:REG_A|OUT[13], ;
;                        ;                    ; REGISTER:REG_A|OUT[14], REGISTER:REG_A|OUT[15]                             ;
; REGISTER:REG_G|OUT[1]  ; Lost Fanouts       ; REGISTER:REG_G|CURRENT[1]                                                  ;
; REGISTER:REG_G|OUT[2]  ; Lost Fanouts       ; REGISTER:REG_G|CURRENT[2]                                                  ;
; REGISTER:REG_G|OUT[3]  ; Lost Fanouts       ; REGISTER:REG_G|CURRENT[3]                                                  ;
; REGISTER:REG_G|OUT[4]  ; Lost Fanouts       ; REGISTER:REG_G|CURRENT[4]                                                  ;
; REGISTER:REG_G|OUT[5]  ; Lost Fanouts       ; REGISTER:REG_G|CURRENT[5]                                                  ;
; REGISTER:REG_G|OUT[6]  ; Lost Fanouts       ; REGISTER:REG_G|CURRENT[6]                                                  ;
; REGISTER:REG_G|OUT[7]  ; Lost Fanouts       ; REGISTER:REG_G|CURRENT[7]                                                  ;
; REGISTER:REG_G|OUT[8]  ; Lost Fanouts       ; REGISTER:REG_G|CURRENT[8]                                                  ;
; REGISTER:REG_G|OUT[9]  ; Lost Fanouts       ; REGISTER:REG_G|CURRENT[9]                                                  ;
; REGISTER:REG_G|OUT[10] ; Lost Fanouts       ; REGISTER:REG_G|CURRENT[10]                                                 ;
; REGISTER:REG_G|OUT[11] ; Lost Fanouts       ; REGISTER:REG_G|CURRENT[11]                                                 ;
; REGISTER:REG_G|OUT[12] ; Lost Fanouts       ; REGISTER:REG_G|CURRENT[12]                                                 ;
; REGISTER:REG_G|OUT[13] ; Lost Fanouts       ; REGISTER:REG_G|CURRENT[13]                                                 ;
; REGISTER:REG_G|OUT[14] ; Lost Fanouts       ; REGISTER:REG_G|CURRENT[14]                                                 ;
; REGISTER:REG_G|OUT[15] ; Lost Fanouts       ; REGISTER:REG_G|CURRENT[15]                                                 ;
+------------------------+--------------------+----------------------------------------------------------------------------+


+------------------------------------------------------+
; General Register Statistics                          ;
+----------------------------------------------+-------+
; Statistic                                    ; Value ;
+----------------------------------------------+-------+
; Total registers                              ; 130   ;
; Number of registers using Synchronous Clear  ; 0     ;
; Number of registers using Synchronous Load   ; 0     ;
; Number of registers using Asynchronous Clear ; 0     ;
; Number of registers using Asynchronous Load  ; 0     ;
; Number of registers using Clock Enable       ; 128   ;
; Number of registers using Preset             ; 0     ;
+----------------------------------------------+-------+


+-----------------------------------------------------------------------------------------------------------------------------------------------------+
; Multiplexer Restructuring Statistics (Restructuring Performed)                                                                                      ;
+--------------------+-----------+---------------+----------------------+------------------------+------------+---------------------------------------+
; Multiplexer Inputs ; Bus Width ; Baseline Area ; Area if Restructured ; Saving if Restructured ; Registered ; Example Multiplexer Output            ;
+--------------------+-----------+---------------+----------------------+------------------------+------------+---------------------------------------+
; 7:1                ; 8 bits    ; 32 LEs        ; 16 LEs               ; 16 LEs                 ; No         ; |PROCESSOR|CONTROLUNIT:CU|Mux34       ;
; 7:1                ; 8 bits    ; 32 LEs        ; 8 LEs                ; 24 LEs                 ; No         ; |PROCESSOR|CONTROLUNIT:CU|Mux17       ;
; 10:1               ; 16 bits   ; 96 LEs        ; 96 LEs               ; 0 LEs                  ; No         ; |PROCESSOR|MULTIPLEXER:MUX|Selector15 ;
+--------------------+-----------+---------------+----------------------+------------------------+------------+---------------------------------------+


+-------------------------------------------------------------+
; Parameter Settings for User Entity Instance: REGISTER:REG_0 ;
+----------------+-------+------------------------------------+
; Parameter Name ; Value ; Type                               ;
+----------------+-------+------------------------------------+
; DATA_WIDTH     ; 16    ; Signed Integer                     ;
+----------------+-------+------------------------------------+
Note: In order to hide this table in the UI and the text report file, please set the "Show Parameter Settings in Synthesis Report" option in "Analysis and Synthesis Settings -> More Settings" to "Off".


+-------------------------------------------------------------+
; Parameter Settings for User Entity Instance: REGISTER:REG_1 ;
+----------------+-------+------------------------------------+
; Parameter Name ; Value ; Type                               ;
+----------------+-------+------------------------------------+
; DATA_WIDTH     ; 16    ; Signed Integer                     ;
+----------------+-------+------------------------------------+
Note: In order to hide this table in the UI and the text report file, please set the "Show Parameter Settings in Synthesis Report" option in "Analysis and Synthesis Settings -> More Settings" to "Off".


+-------------------------------------------------------------+
; Parameter Settings for User Entity Instance: REGISTER:REG_2 ;
+----------------+-------+------------------------------------+
; Parameter Name ; Value ; Type                               ;
+----------------+-------+------------------------------------+
; DATA_WIDTH     ; 16    ; Signed Integer                     ;
+----------------+-------+------------------------------------+
Note: In order to hide this table in the UI and the text report file, please set the "Show Parameter Settings in Synthesis Report" option in "Analysis and Synthesis Settings -> More Settings" to "Off".


+-------------------------------------------------------------+
; Parameter Settings for User Entity Instance: REGISTER:REG_3 ;
+----------------+-------+------------------------------------+
; Parameter Name ; Value ; Type                               ;
+----------------+-------+------------------------------------+
; DATA_WIDTH     ; 16    ; Signed Integer                     ;
+----------------+-------+------------------------------------+
Note: In order to hide this table in the UI and the text report file, please set the "Show Parameter Settings in Synthesis Report" option in "Analysis and Synthesis Settings -> More Settings" to "Off".


+-------------------------------------------------------------+
; Parameter Settings for User Entity Instance: REGISTER:REG_4 ;
+----------------+-------+------------------------------------+
; Parameter Name ; Value ; Type                               ;
+----------------+-------+------------------------------------+
; DATA_WIDTH     ; 16    ; Signed Integer                     ;
+----------------+-------+------------------------------------+
Note: In order to hide this table in the UI and the text report file, please set the "Show Parameter Settings in Synthesis Report" option in "Analysis and Synthesis Settings -> More Settings" to "Off".


+-------------------------------------------------------------+
; Parameter Settings for User Entity Instance: REGISTER:REG_5 ;
+----------------+-------+------------------------------------+
; Parameter Name ; Value ; Type                               ;
+----------------+-------+------------------------------------+
; DATA_WIDTH     ; 16    ; Signed Integer                     ;
+----------------+-------+------------------------------------+
Note: In order to hide this table in the UI and the text report file, please set the "Show Parameter Settings in Synthesis Report" option in "Analysis and Synthesis Settings -> More Settings" to "Off".


+-------------------------------------------------------------+
; Parameter Settings for User Entity Instance: REGISTER:REG_6 ;
+----------------+-------+------------------------------------+
; Parameter Name ; Value ; Type                               ;
+----------------+-------+------------------------------------+
; DATA_WIDTH     ; 16    ; Signed Integer                     ;
+----------------+-------+------------------------------------+
Note: In order to hide this table in the UI and the text report file, please set the "Show Parameter Settings in Synthesis Report" option in "Analysis and Synthesis Settings -> More Settings" to "Off".


+-------------------------------------------------------------+
; Parameter Settings for User Entity Instance: REGISTER:REG_7 ;
+----------------+-------+------------------------------------+
; Parameter Name ; Value ; Type                               ;
+----------------+-------+------------------------------------+
; DATA_WIDTH     ; 16    ; Signed Integer                     ;
+----------------+-------+------------------------------------+
Note: In order to hide this table in the UI and the text report file, please set the "Show Parameter Settings in Synthesis Report" option in "Analysis and Synthesis Settings -> More Settings" to "Off".


+-------------------------------------------------------------+
; Parameter Settings for User Entity Instance: REGISTER:REG_A ;
+----------------+-------+------------------------------------+
; Parameter Name ; Value ; Type                               ;
+----------------+-------+------------------------------------+
; DATA_WIDTH     ; 16    ; Signed Integer                     ;
+----------------+-------+------------------------------------+
Note: In order to hide this table in the UI and the text report file, please set the "Show Parameter Settings in Synthesis Report" option in "Analysis and Synthesis Settings -> More Settings" to "Off".


+-------------------------------------------------------------+
; Parameter Settings for User Entity Instance: REGISTER:REG_G ;
+----------------+-------+------------------------------------+
; Parameter Name ; Value ; Type                               ;
+----------------+-------+------------------------------------+
; DATA_WIDTH     ; 16    ; Signed Integer                     ;
+----------------+-------+------------------------------------+
Note: In order to hide this table in the UI and the text report file, please set the "Show Parameter Settings in Synthesis Report" option in "Analysis and Synthesis Settings -> More Settings" to "Off".


+---------------------------------------------------------+
; Port Connectivity Checks: "CONTROLUNIT:CU|DECODER:DEC2" ;
+------+-------+----------+-------------------------------+
; Port ; Type  ; Severity ; Details                       ;
+------+-------+----------+-------------------------------+
; EN   ; Input ; Info     ; Stuck at VCC                  ;
+------+-------+----------+-------------------------------+


+---------------------------------------------------------+
; Port Connectivity Checks: "CONTROLUNIT:CU|DECODER:DEC1" ;
+------+-------+----------+-------------------------------+
; Port ; Type  ; Severity ; Details                       ;
+------+-------+----------+-------------------------------+
; EN   ; Input ; Info     ; Stuck at VCC                  ;
+------+-------+----------+-------------------------------+


+----------------------------------------------------------------------------------------------------------------------+
; Port Connectivity Checks: "CONTROLUNIT:CU"                                                                           ;
+------------+--------+----------+-------------------------------------------------------------------------------------+
; Port       ; Type   ; Severity ; Details                                                                             ;
+------------+--------+----------+-------------------------------------------------------------------------------------+
; COUNTERCLR ; Output ; Info     ; Connected to dangling logic. Logic that only feeds a dangling port will be removed. ;
+------------+--------+----------+-------------------------------------------------------------------------------------+


+-----------------------------------------------------+
; Post-Synthesis Netlist Statistics for Top Partition ;
+-----------------------+-----------------------------+
; Type                  ; Count                       ;
+-----------------------+-----------------------------+
; boundary_port         ; 186                         ;
; cycloneiii_ff         ; 130                         ;
;     ENA               ; 128                         ;
;     plain             ; 2                           ;
; cycloneiii_lcell_comb ; 209                         ;
;     normal            ; 209                         ;
;         0 data inputs ; 1                           ;
;         2 data inputs ; 16                          ;
;         3 data inputs ; 50                          ;
;         4 data inputs ; 142                         ;
;                       ;                             ;
; Max LUT depth         ; 5.00                        ;
; Average LUT depth     ; 3.35                        ;
+-----------------------+-----------------------------+


+-------------------------------+
; Elapsed Time Per Partition    ;
+----------------+--------------+
; Partition Name ; Elapsed Time ;
+----------------+--------------+
; Top            ; 00:00:01     ;
+----------------+--------------+


+-------------------------------+
; Analysis & Synthesis Messages ;
+-------------------------------+
Info: *******************************************************************
Info: Running Quartus Prime Analysis & Synthesis
    Info: Version 16.1.0 Build 196 10/24/2016 SJ Lite Edition
    Info: Processing started: Sun Apr 30 16:13:11 2017
Info: Command: quartus_map --read_settings_files=on --write_settings_files=off p1 -c p1
Warning (18236): Number of processors has not been specified which may cause overloading on shared machines.  Set the global assignment NUM_PARALLEL_PROCESSORS in your QSF to an appropriate value for best performance.
Info (20030): Parallel compilation is enabled and will use 2 of the 2 processors detected
Info (12021): Found 2 design units, including 2 entities, in source file register.v
    Info (12023): Found entity 1: REGISTER File: F:/Work/FPGA/Board/Lab9/P1/REGISTER.v Line: 1
    Info (12023): Found entity 2: testREGISTER File: F:/Work/FPGA/Board/Lab9/P1/REGISTER.v Line: 30
Info (12021): Found 2 design units, including 2 entities, in source file iregister.v
    Info (12023): Found entity 1: IREGISTER File: F:/Work/FPGA/Board/Lab9/P1/IREGISTER.v Line: 1
    Info (12023): Found entity 2: testIREGISTER File: F:/Work/FPGA/Board/Lab9/P1/IREGISTER.v Line: 21
Info (12021): Found 2 design units, including 2 entities, in source file counter.v
    Info (12023): Found entity 1: COUNTER File: F:/Work/FPGA/Board/Lab9/P1/COUNTER.v Line: 1
    Info (12023): Found entity 2: testCOUNTER File: F:/Work/FPGA/Board/Lab9/P1/COUNTER.v Line: 22
Info (12021): Found 2 design units, including 2 entities, in source file multiplexer.v
    Info (12023): Found entity 1: MULTIPLEXER File: F:/Work/FPGA/Board/Lab9/P1/MULTIPLEXER.v Line: 1
    Info (12023): Found entity 2: testMULTIPLEXER File: F:/Work/FPGA/Board/Lab9/P1/MULTIPLEXER.v Line: 69
Info (12021): Found 2 design units, including 2 entities, in source file controlunit.v
    Info (12023): Found entity 1: CONTROLUNIT File: F:/Work/FPGA/Board/Lab9/P1/CONTROLUNIT.v Line: 1
    Info (12023): Found entity 2: tC File: F:/Work/FPGA/Board/Lab9/P1/CONTROLUNIT.v Line: 163
Info (12021): Found 2 design units, including 2 entities, in source file decoder.v
    Info (12023): Found entity 1: DECODER File: F:/Work/FPGA/Board/Lab9/P1/DECODER.v Line: 1
    Info (12023): Found entity 2: testDECODER File: F:/Work/FPGA/Board/Lab9/P1/DECODER.v Line: 64
Info (12021): Found 2 design units, including 2 entities, in source file alu.v
    Info (12023): Found entity 1: ALU File: F:/Work/FPGA/Board/Lab9/P1/ALU.v Line: 1
    Info (12023): Found entity 2: testALU File: F:/Work/FPGA/Board/Lab9/P1/ALU.v Line: 22
Info (12021): Found 2 design units, including 2 entities, in source file processor.v
    Info (12023): Found entity 1: PROCESSOR File: F:/Work/FPGA/Board/Lab9/P1/PROCESSOR.v Line: 1
    Info (12023): Found entity 2: tP File: F:/Work/FPGA/Board/Lab9/P1/PROCESSOR.v Line: 141
Info (12127): Elaborating entity "PROCESSOR" for the top level hierarchy
Info (12128): Elaborating entity "CONTROLUNIT" for hierarchy "CONTROLUNIT:CU" File: F:/Work/FPGA/Board/Lab9/P1/PROCESSOR.v Line: 42
Warning (10240): Verilog HDL Always Construct warning at CONTROLUNIT.v(43): inferring latch(es) for variable "IRtoCU", which holds its previous value in one or more paths through the always construct File: F:/Work/FPGA/Board/Lab9/P1/CONTROLUNIT.v Line: 43
Warning (10270): Verilog HDL Case Statement warning at CONTROLUNIT.v(69): incomplete case statement has no default case item File: F:/Work/FPGA/Board/Lab9/P1/CONTROLUNIT.v Line: 69
Warning (10270): Verilog HDL Case Statement warning at CONTROLUNIT.v(110): incomplete case statement has no default case item File: F:/Work/FPGA/Board/Lab9/P1/CONTROLUNIT.v Line: 110
Warning (10270): Verilog HDL Case Statement warning at CONTROLUNIT.v(133): incomplete case statement has no default case item File: F:/Work/FPGA/Board/Lab9/P1/CONTROLUNIT.v Line: 133
Warning (10240): Verilog HDL Always Construct warning at CONTROLUNIT.v(54): inferring latch(es) for variable "MUXLINE", which holds its previous value in one or more paths through the always construct File: F:/Work/FPGA/Board/Lab9/P1/CONTROLUNIT.v Line: 54
Warning (10240): Verilog HDL Always Construct warning at CONTROLUNIT.v(54): inferring latch(es) for variable "REGSELECTORS", which holds its previous value in one or more paths through the always construct File: F:/Work/FPGA/Board/Lab9/P1/CONTROLUNIT.v Line: 54
Warning (10240): Verilog HDL Always Construct warning at CONTROLUNIT.v(54): inferring latch(es) for variable "DONE", which holds its previous value in one or more paths through the always construct File: F:/Work/FPGA/Board/Lab9/P1/CONTROLUNIT.v Line: 54
Warning (10240): Verilog HDL Always Construct warning at CONTROLUNIT.v(54): inferring latch(es) for variable "COUNTERCLR", which holds its previous value in one or more paths through the always construct File: F:/Work/FPGA/Board/Lab9/P1/CONTROLUNIT.v Line: 54
Warning (10240): Verilog HDL Always Construct warning at CONTROLUNIT.v(54): inferring latch(es) for variable "ADDSUB", which holds its previous value in one or more paths through the always construct File: F:/Work/FPGA/Board/Lab9/P1/CONTROLUNIT.v Line: 54
Warning (10240): Verilog HDL Always Construct warning at CONTROLUNIT.v(54): inferring latch(es) for variable "IREN", which holds its previous value in one or more paths through the always construct File: F:/Work/FPGA/Board/Lab9/P1/CONTROLUNIT.v Line: 54
Info (10041): Inferred latch for "COUNTERCLR" at CONTROLUNIT.v(54) File: F:/Work/FPGA/Board/Lab9/P1/CONTROLUNIT.v Line: 54
Info (10041): Inferred latch for "IREN" at CONTROLUNIT.v(54) File: F:/Work/FPGA/Board/Lab9/P1/CONTROLUNIT.v Line: 54
Info (10041): Inferred latch for "ADDSUB" at CONTROLUNIT.v(54) File: F:/Work/FPGA/Board/Lab9/P1/CONTROLUNIT.v Line: 54
Info (10041): Inferred latch for "DONE" at CONTROLUNIT.v(54) File: F:/Work/FPGA/Board/Lab9/P1/CONTROLUNIT.v Line: 54
Info (10041): Inferred latch for "REGSELECTORS[0]" at CONTROLUNIT.v(54) File: F:/Work/FPGA/Board/Lab9/P1/CONTROLUNIT.v Line: 54
Info (10041): Inferred latch for "REGSELECTORS[1]" at CONTROLUNIT.v(54) File: F:/Work/FPGA/Board/Lab9/P1/CONTROLUNIT.v Line: 54
Info (10041): Inferred latch for "REGSELECTORS[2]" at CONTROLUNIT.v(54) File: F:/Work/FPGA/Board/Lab9/P1/CONTROLUNIT.v Line: 54
Info (10041): Inferred latch for "REGSELECTORS[3]" at CONTROLUNIT.v(54) File: F:/Work/FPGA/Board/Lab9/P1/CONTROLUNIT.v Line: 54
Info (10041): Inferred latch for "REGSELECTORS[4]" at CONTROLUNIT.v(54) File: F:/Work/FPGA/Board/Lab9/P1/CONTROLUNIT.v Line: 54
Info (10041): Inferred latch for "REGSELECTORS[5]" at CONTROLUNIT.v(54) File: F:/Work/FPGA/Board/Lab9/P1/CONTROLUNIT.v Line: 54
Info (10041): Inferred latch for "REGSELECTORS[6]" at CONTROLUNIT.v(54) File: F:/Work/FPGA/Board/Lab9/P1/CONTROLUNIT.v Line: 54
Info (10041): Inferred latch for "REGSELECTORS[7]" at CONTROLUNIT.v(54) File: F:/Work/FPGA/Board/Lab9/P1/CONTROLUNIT.v Line: 54
Info (10041): Inferred latch for "REGSELECTORS[8]" at CONTROLUNIT.v(54) File: F:/Work/FPGA/Board/Lab9/P1/CONTROLUNIT.v Line: 54
Info (10041): Inferred latch for "REGSELECTORS[9]" at CONTROLUNIT.v(54) File: F:/Work/FPGA/Board/Lab9/P1/CONTROLUNIT.v Line: 54
Info (10041): Inferred latch for "MUXLINE[0]" at CONTROLUNIT.v(54) File: F:/Work/FPGA/Board/Lab9/P1/CONTROLUNIT.v Line: 54
Info (10041): Inferred latch for "MUXLINE[1]" at CONTROLUNIT.v(54) File: F:/Work/FPGA/Board/Lab9/P1/CONTROLUNIT.v Line: 54
Info (10041): Inferred latch for "MUXLINE[2]" at CONTROLUNIT.v(54) File: F:/Work/FPGA/Board/Lab9/P1/CONTROLUNIT.v Line: 54
Info (10041): Inferred latch for "MUXLINE[3]" at CONTROLUNIT.v(54) File: F:/Work/FPGA/Board/Lab9/P1/CONTROLUNIT.v Line: 54
Info (10041): Inferred latch for "MUXLINE[4]" at CONTROLUNIT.v(54) File: F:/Work/FPGA/Board/Lab9/P1/CONTROLUNIT.v Line: 54
Info (10041): Inferred latch for "MUXLINE[5]" at CONTROLUNIT.v(54) File: F:/Work/FPGA/Board/Lab9/P1/CONTROLUNIT.v Line: 54
Info (10041): Inferred latch for "MUXLINE[6]" at CONTROLUNIT.v(54) File: F:/Work/FPGA/Board/Lab9/P1/CONTROLUNIT.v Line: 54
Info (10041): Inferred latch for "MUXLINE[7]" at CONTROLUNIT.v(54) File: F:/Work/FPGA/Board/Lab9/P1/CONTROLUNIT.v Line: 54
Info (10041): Inferred latch for "MUXLINE[8]" at CONTROLUNIT.v(54) File: F:/Work/FPGA/Board/Lab9/P1/CONTROLUNIT.v Line: 54
Info (10041): Inferred latch for "MUXLINE[9]" at CONTROLUNIT.v(54) File: F:/Work/FPGA/Board/Lab9/P1/CONTROLUNIT.v Line: 54
Info (10041): Inferred latch for "IRtoCU[0]" at CONTROLUNIT.v(43) File: F:/Work/FPGA/Board/Lab9/P1/CONTROLUNIT.v Line: 43
Info (10041): Inferred latch for "IRtoCU[1]" at CONTROLUNIT.v(43) File: F:/Work/FPGA/Board/Lab9/P1/CONTROLUNIT.v Line: 43
Info (10041): Inferred latch for "IRtoCU[2]" at CONTROLUNIT.v(43) File: F:/Work/FPGA/Board/Lab9/P1/CONTROLUNIT.v Line: 43
Info (10041): Inferred latch for "IRtoCU[3]" at CONTROLUNIT.v(43) File: F:/Work/FPGA/Board/Lab9/P1/CONTROLUNIT.v Line: 43
Info (10041): Inferred latch for "IRtoCU[4]" at CONTROLUNIT.v(43) File: F:/Work/FPGA/Board/Lab9/P1/CONTROLUNIT.v Line: 43
Info (10041): Inferred latch for "IRtoCU[5]" at CONTROLUNIT.v(43) File: F:/Work/FPGA/Board/Lab9/P1/CONTROLUNIT.v Line: 43
Info (10041): Inferred latch for "IRtoCU[6]" at CONTROLUNIT.v(43) File: F:/Work/FPGA/Board/Lab9/P1/CONTROLUNIT.v Line: 43
Info (10041): Inferred latch for "IRtoCU[7]" at CONTROLUNIT.v(43) File: F:/Work/FPGA/Board/Lab9/P1/CONTROLUNIT.v Line: 43
Info (10041): Inferred latch for "IRtoCU[8]" at CONTROLUNIT.v(43) File: F:/Work/FPGA/Board/Lab9/P1/CONTROLUNIT.v Line: 43
Info (12128): Elaborating entity "DECODER" for hierarchy "CONTROLUNIT:CU|DECODER:DEC1" File: F:/Work/FPGA/Board/Lab9/P1/CONTROLUNIT.v Line: 34
Info (12128): Elaborating entity "REGISTER" for hierarchy "REGISTER:REG_0" File: F:/Work/FPGA/Board/Lab9/P1/PROCESSOR.v Line: 50
Info (12128): Elaborating entity "ALU" for hierarchy "ALU:ALUUNIT" File: F:/Work/FPGA/Board/Lab9/P1/PROCESSOR.v Line: 112
Info (12128): Elaborating entity "COUNTER" for hierarchy "COUNTER:COUNT" File: F:/Work/FPGA/Board/Lab9/P1/PROCESSOR.v Line: 119
Info (12128): Elaborating entity "MULTIPLEXER" for hierarchy "MULTIPLEXER:MUX" File: F:/Work/FPGA/Board/Lab9/P1/PROCESSOR.v Line: 135
Info (10264): Verilog HDL Case Statement information at MULTIPLEXER.v(19): all case item expressions in this case statement are onehot File: F:/Work/FPGA/Board/Lab9/P1/MULTIPLEXER.v Line: 19
Warning (13012): Latch CONTROLUNIT:CU|MUXLINE[0] has unsafe behavior File: F:/Work/FPGA/Board/Lab9/P1/CONTROLUNIT.v Line: 54
    Warning (13013): Ports D and ENA on the latch are fed by the same signal COUNTER:COUNT|COUNT[0] File: F:/Work/FPGA/Board/Lab9/P1/COUNTER.v Line: 8
Warning (13012): Latch CONTROLUNIT:CU|MUXLINE[1] has unsafe behavior File: F:/Work/FPGA/Board/Lab9/P1/CONTROLUNIT.v Line: 54
    Warning (13013): Ports D and ENA on the latch are fed by the same signal COUNTER:COUNT|COUNT[0] File: F:/Work/FPGA/Board/Lab9/P1/COUNTER.v Line: 8
Warning (13012): Latch CONTROLUNIT:CU|MUXLINE[2] has unsafe behavior File: F:/Work/FPGA/Board/Lab9/P1/CONTROLUNIT.v Line: 54
    Warning (13013): Ports D and ENA on the latch are fed by the same signal COUNTER:COUNT|COUNT[0] File: F:/Work/FPGA/Board/Lab9/P1/COUNTER.v Line: 8
Warning (13012): Latch CONTROLUNIT:CU|MUXLINE[3] has unsafe behavior File: F:/Work/FPGA/Board/Lab9/P1/CONTROLUNIT.v Line: 54
    Warning (13013): Ports D and ENA on the latch are fed by the same signal COUNTER:COUNT|COUNT[0] File: F:/Work/FPGA/Board/Lab9/P1/COUNTER.v Line: 8
Warning (13012): Latch CONTROLUNIT:CU|MUXLINE[4] has unsafe behavior File: F:/Work/FPGA/Board/Lab9/P1/CONTROLUNIT.v Line: 54
    Warning (13013): Ports D and ENA on the latch are fed by the same signal COUNTER:COUNT|COUNT[0] File: F:/Work/FPGA/Board/Lab9/P1/COUNTER.v Line: 8
Warning (13012): Latch CONTROLUNIT:CU|MUXLINE[5] has unsafe behavior File: F:/Work/FPGA/Board/Lab9/P1/CONTROLUNIT.v Line: 54
    Warning (13013): Ports D and ENA on the latch are fed by the same signal COUNTER:COUNT|COUNT[0] File: F:/Work/FPGA/Board/Lab9/P1/COUNTER.v Line: 8
Warning (13012): Latch CONTROLUNIT:CU|MUXLINE[6] has unsafe behavior File: F:/Work/FPGA/Board/Lab9/P1/CONTROLUNIT.v Line: 54
    Warning (13013): Ports D and ENA on the latch are fed by the same signal COUNTER:COUNT|COUNT[0] File: F:/Work/FPGA/Board/Lab9/P1/COUNTER.v Line: 8
Warning (13012): Latch CONTROLUNIT:CU|MUXLINE[7] has unsafe behavior File: F:/Work/FPGA/Board/Lab9/P1/CONTROLUNIT.v Line: 54
    Warning (13013): Ports D and ENA on the latch are fed by the same signal COUNTER:COUNT|COUNT[0] File: F:/Work/FPGA/Board/Lab9/P1/COUNTER.v Line: 8
Warning (13012): Latch CONTROLUNIT:CU|MUXLINE[9] has unsafe behavior File: F:/Work/FPGA/Board/Lab9/P1/CONTROLUNIT.v Line: 54
    Warning (13013): Ports D and ENA on the latch are fed by the same signal COUNTER:COUNT|COUNT[0] File: F:/Work/FPGA/Board/Lab9/P1/COUNTER.v Line: 8
Warning (13012): Latch CONTROLUNIT:CU|DONE has unsafe behavior File: F:/Work/FPGA/Board/Lab9/P1/CONTROLUNIT.v Line: 11
    Warning (13013): Ports D and ENA on the latch are fed by the same signal COUNTER:COUNT|COUNT[0] File: F:/Work/FPGA/Board/Lab9/P1/COUNTER.v Line: 8
Warning (13012): Latch CONTROLUNIT:CU|REGSELECTORS[0] has unsafe behavior File: F:/Work/FPGA/Board/Lab9/P1/CONTROLUNIT.v Line: 54
    Warning (13013): Ports D and ENA on the latch are fed by the same signal COUNTER:COUNT|COUNT[0] File: F:/Work/FPGA/Board/Lab9/P1/COUNTER.v Line: 8
Warning (13012): Latch CONTROLUNIT:CU|REGSELECTORS[1] has unsafe behavior File: F:/Work/FPGA/Board/Lab9/P1/CONTROLUNIT.v Line: 54
    Warning (13013): Ports D and ENA on the latch are fed by the same signal COUNTER:COUNT|COUNT[0] File: F:/Work/FPGA/Board/Lab9/P1/COUNTER.v Line: 8
Warning (13012): Latch CONTROLUNIT:CU|REGSELECTORS[2] has unsafe behavior File: F:/Work/FPGA/Board/Lab9/P1/CONTROLUNIT.v Line: 54
    Warning (13013): Ports D and ENA on the latch are fed by the same signal COUNTER:COUNT|COUNT[0] File: F:/Work/FPGA/Board/Lab9/P1/COUNTER.v Line: 8
Warning (13012): Latch CONTROLUNIT:CU|REGSELECTORS[3] has unsafe behavior File: F:/Work/FPGA/Board/Lab9/P1/CONTROLUNIT.v Line: 54
    Warning (13013): Ports D and ENA on the latch are fed by the same signal COUNTER:COUNT|COUNT[0] File: F:/Work/FPGA/Board/Lab9/P1/COUNTER.v Line: 8
Warning (13012): Latch CONTROLUNIT:CU|REGSELECTORS[4] has unsafe behavior File: F:/Work/FPGA/Board/Lab9/P1/CONTROLUNIT.v Line: 54
    Warning (13013): Ports D and ENA on the latch are fed by the same signal COUNTER:COUNT|COUNT[0] File: F:/Work/FPGA/Board/Lab9/P1/COUNTER.v Line: 8
Warning (13012): Latch CONTROLUNIT:CU|REGSELECTORS[5] has unsafe behavior File: F:/Work/FPGA/Board/Lab9/P1/CONTROLUNIT.v Line: 54
    Warning (13013): Ports D and ENA on the latch are fed by the same signal COUNTER:COUNT|COUNT[0] File: F:/Work/FPGA/Board/Lab9/P1/COUNTER.v Line: 8
Warning (13012): Latch CONTROLUNIT:CU|REGSELECTORS[6] has unsafe behavior File: F:/Work/FPGA/Board/Lab9/P1/CONTROLUNIT.v Line: 54
    Warning (13013): Ports D and ENA on the latch are fed by the same signal COUNTER:COUNT|COUNT[0] File: F:/Work/FPGA/Board/Lab9/P1/COUNTER.v Line: 8
Warning (13012): Latch CONTROLUNIT:CU|REGSELECTORS[7] has unsafe behavior File: F:/Work/FPGA/Board/Lab9/P1/CONTROLUNIT.v Line: 54
    Warning (13013): Ports D and ENA on the latch are fed by the same signal COUNTER:COUNT|COUNT[0] File: F:/Work/FPGA/Board/Lab9/P1/COUNTER.v Line: 8
Warning (13012): Latch CONTROLUNIT:CU|REGSELECTORS[8] has unsafe behavior File: F:/Work/FPGA/Board/Lab9/P1/CONTROLUNIT.v Line: 54
    Warning (13013): Ports D and ENA on the latch are fed by the same signal COUNTER:COUNT|COUNT[0] File: F:/Work/FPGA/Board/Lab9/P1/COUNTER.v Line: 8
Warning (13012): Latch CONTROLUNIT:CU|REGSELECTORS[9] has unsafe behavior File: F:/Work/FPGA/Board/Lab9/P1/CONTROLUNIT.v Line: 54
    Warning (13013): Ports D and ENA on the latch are fed by the same signal COUNTER:COUNT|COUNT[0] File: F:/Work/FPGA/Board/Lab9/P1/COUNTER.v Line: 8
Warning (13024): Output pins are stuck at VCC or GND
    Warning (13410): Pin "MUXSELECTORSs[8]" is stuck at GND File: F:/Work/FPGA/Board/Lab9/P1/PROCESSOR.v Line: 9
Info (286030): Timing-Driven Synthesis is running
Info (17049): 64 registers lost all their fanouts during netlist optimizations.
Info (144001): Generated suppressed messages file F:/Work/FPGA/Board/Lab9/P1/output_files/p1.map.smsg
Info (16010): Generating hard_block partition "hard_block:auto_generated_inst"
    Info (16011): Adding 0 node(s), including 0 DDIO, 0 PLL, 0 transceiver and 0 LCELL
Info (21057): Implemented 522 device resources after synthesis - the final resource count might be different
    Info (21058): Implemented 19 input pins
    Info (21059): Implemented 167 output pins
    Info (21061): Implemented 336 logic cells
Info: Quartus Prime Analysis & Synthesis was successful. 0 errors, 53 warnings
    Info: Peak virtual memory: 597 megabytes
    Info: Processing ended: Sun Apr 30 16:13:24 2017
    Info: Elapsed time: 00:00:13
    Info: Total CPU time (on all processors): 00:00:28


+------------------------------------------+
; Analysis & Synthesis Suppressed Messages ;
+------------------------------------------+
The suppressed messages can be found in F:/Work/FPGA/Board/Lab9/P1/output_files/p1.map.smsg.


